Archive member included to satisfy reference by file (symbol)

/home/naves-pc/.pico-sdk/toolchain/13_3_Rel1/bin/../lib/gcc/arm-none-eabi/13.3.1/thumb/v6-m/nofp/libgcc.a(_dvmd_tls.o)
                              CMakeFiles/gestao-habitos.dir/home/naves-pc/.pico-sdk/sdk/2.1.0/src/rp2_common/pico_divider/divider_hardware.S.o (__aeabi_idiv0)
/home/naves-pc/.pico-sdk/toolchain/13_3_Rel1/bin/../lib/gcc/arm-none-eabi/13.3.1/../../../../arm-none-eabi/lib/thumb/v6-m/nofp/libg.a(libc_a-strlen-stub.o)
                              CMakeFiles/gestao-habitos.dir/gestao-habitos.c.o (strlen)
/home/naves-pc/.pico-sdk/toolchain/13_3_Rel1/bin/../lib/gcc/arm-none-eabi/13.3.1/../../../../arm-none-eabi/lib/thumb/v6-m/nofp/libg.a(libc_a-strncmp.o)
                              CMakeFiles/gestao-habitos.dir/home/naves-pc/.pico-sdk/sdk/2.1.0/lib/lwip/src/core/def.c.o (strncmp)
/home/naves-pc/.pico-sdk/toolchain/13_3_Rel1/bin/../lib/gcc/arm-none-eabi/13.3.1/../../../../arm-none-eabi/lib/thumb/v6-m/nofp/libg.a(libc_a-malloc.o)
                              CMakeFiles/gestao-habitos.dir/home/naves-pc/.pico-sdk/sdk/2.1.0/src/rp2_common/pico_malloc/malloc.c.o (malloc)
/home/naves-pc/.pico-sdk/toolchain/13_3_Rel1/bin/../lib/gcc/arm-none-eabi/13.3.1/../../../../arm-none-eabi/lib/thumb/v6-m/nofp/libg.a(libc_a-mallocr.o)
                              /home/naves-pc/.pico-sdk/toolchain/13_3_Rel1/bin/../lib/gcc/arm-none-eabi/13.3.1/../../../../arm-none-eabi/lib/thumb/v6-m/nofp/libg.a(libc_a-malloc.o) (_malloc_r)
/home/naves-pc/.pico-sdk/toolchain/13_3_Rel1/bin/../lib/gcc/arm-none-eabi/13.3.1/../../../../arm-none-eabi/lib/thumb/v6-m/nofp/libg.a(libc_a-lcltime_r.o)
                              CMakeFiles/gestao-habitos.dir/home/naves-pc/.pico-sdk/sdk/2.1.0/src/common/pico_util/datetime.c.o (localtime_r)
/home/naves-pc/.pico-sdk/toolchain/13_3_Rel1/bin/../lib/gcc/arm-none-eabi/13.3.1/../../../../arm-none-eabi/lib/thumb/v6-m/nofp/libg.a(libc_a-sbrkr.o)
                              /home/naves-pc/.pico-sdk/toolchain/13_3_Rel1/bin/../lib/gcc/arm-none-eabi/13.3.1/../../../../arm-none-eabi/lib/thumb/v6-m/nofp/libg.a(libc_a-mallocr.o) (_sbrk_r)
/home/naves-pc/.pico-sdk/toolchain/13_3_Rel1/bin/../lib/gcc/arm-none-eabi/13.3.1/../../../../arm-none-eabi/lib/thumb/v6-m/nofp/libg.a(libc_a-mktime.o)
                              CMakeFiles/gestao-habitos.dir/home/naves-pc/.pico-sdk/sdk/2.1.0/src/common/pico_util/datetime.c.o (mktime)
/home/naves-pc/.pico-sdk/toolchain/13_3_Rel1/bin/../lib/gcc/arm-none-eabi/13.3.1/../../../../arm-none-eabi/lib/thumb/v6-m/nofp/libg.a(libc_a-month_lengths.o)
                              /home/naves-pc/.pico-sdk/toolchain/13_3_Rel1/bin/../lib/gcc/arm-none-eabi/13.3.1/../../../../arm-none-eabi/lib/thumb/v6-m/nofp/libg.a(libc_a-lcltime_r.o) (__month_lengths)
/home/naves-pc/.pico-sdk/toolchain/13_3_Rel1/bin/../lib/gcc/arm-none-eabi/13.3.1/../../../../arm-none-eabi/lib/thumb/v6-m/nofp/libg.a(libc_a-tzcalc_limits.o)
                              /home/naves-pc/.pico-sdk/toolchain/13_3_Rel1/bin/../lib/gcc/arm-none-eabi/13.3.1/../../../../arm-none-eabi/lib/thumb/v6-m/nofp/libg.a(libc_a-lcltime_r.o) (__tzcalc_limits)
/home/naves-pc/.pico-sdk/toolchain/13_3_Rel1/bin/../lib/gcc/arm-none-eabi/13.3.1/../../../../arm-none-eabi/lib/thumb/v6-m/nofp/libg.a(libc_a-tzlock.o)
                              /home/naves-pc/.pico-sdk/toolchain/13_3_Rel1/bin/../lib/gcc/arm-none-eabi/13.3.1/../../../../arm-none-eabi/lib/thumb/v6-m/nofp/libg.a(libc_a-lcltime_r.o) (__tz_lock)
/home/naves-pc/.pico-sdk/toolchain/13_3_Rel1/bin/../lib/gcc/arm-none-eabi/13.3.1/../../../../arm-none-eabi/lib/thumb/v6-m/nofp/libg.a(libc_a-tzset.o)
                              /home/naves-pc/.pico-sdk/toolchain/13_3_Rel1/bin/../lib/gcc/arm-none-eabi/13.3.1/../../../../arm-none-eabi/lib/thumb/v6-m/nofp/libg.a(libc_a-lcltime_r.o) (_tzset_unlocked)
/home/naves-pc/.pico-sdk/toolchain/13_3_Rel1/bin/../lib/gcc/arm-none-eabi/13.3.1/../../../../arm-none-eabi/lib/thumb/v6-m/nofp/libg.a(libc_a-mlock.o)
                              /home/naves-pc/.pico-sdk/toolchain/13_3_Rel1/bin/../lib/gcc/arm-none-eabi/13.3.1/../../../../arm-none-eabi/lib/thumb/v6-m/nofp/libg.a(libc_a-mallocr.o) (__malloc_lock)
/home/naves-pc/.pico-sdk/toolchain/13_3_Rel1/bin/../lib/gcc/arm-none-eabi/13.3.1/../../../../arm-none-eabi/lib/thumb/v6-m/nofp/libg.a(libc_a-atoi.o)
                              CMakeFiles/gestao-habitos.dir/home/naves-pc/.pico-sdk/sdk/2.1.0/lib/lwip/src/core/netif.c.o (atoi)
/home/naves-pc/.pico-sdk/toolchain/13_3_Rel1/bin/../lib/gcc/arm-none-eabi/13.3.1/../../../../arm-none-eabi/lib/thumb/v6-m/nofp/libg.a(libc_a-calloc.o)
                              CMakeFiles/gestao-habitos.dir/home/naves-pc/.pico-sdk/sdk/2.1.0/src/rp2_common/pico_malloc/malloc.c.o (calloc)
/home/naves-pc/.pico-sdk/toolchain/13_3_Rel1/bin/../lib/gcc/arm-none-eabi/13.3.1/../../../../arm-none-eabi/lib/thumb/v6-m/nofp/libg.a(libc_a-memcmp.o)
[...]
Memory Configuration

Name             Origin             Length             Attributes
FLASH            0x10000000         0x00200000         xr
RAM              0x20000000         0x00040000         xrw
SCRATCH_X        0x20040000         0x00001000         xrw
SCRATCH_Y        0x20041000         0x00001000         xrw
*default*        0x00000000         0xffffffff

Linker script and memory map

LOAD /home/naves-pc/.pico-sdk/toolchain/13_3_Rel1/bin/../lib/gcc/arm-none-eabi/13.3.1/thumb/v6-m/nofp/crti.o
LOAD /home/naves-pc/.pico-sdk/toolchain/13_3_Rel1/bin/../lib/gcc/arm-none-eabi/13.3.1/thumb/v6-m/nofp/crtbegin.o
LOAD /home/naves-pc/.pico-sdk/toolchain/13_3_Rel1/bin/../lib/gcc/arm-none-eabi/13.3.1/../../../../arm-none-eabi/lib/thumb/v6-m/nofp/crt0.o

.flash_begin    0x10000000        0x0
                0x10000000                        __flash_binary_start = .

.boot2          0x10000000      0x100
                0x10000000                        __boot2_start__ = .
 *(.boot2)
 .boot2         0x10000000      0x100 pico-sdk/src/rp2040/boot_stage2/CMakeFiles/bs2_default_library.dir/./bs2_default_padded_checksummed.S.o
                0x10000100                        __boot2_end__ = .
                0x00000001                        ASSERT (((__boot2_end__ - __boot2_start__) == 0x100), ERROR: Pico second stage bootloader must be 256 bytes in size)

.text           0x10000100    0x186c4
                0x10000100                        __logical_binary_start = .
 *(.vectors)
 .vectors       0x10000100       0xd4 CMakeFiles/gestao-habitos.dir/home/naves-pc/.pico-sdk/sdk/2.1.0/src/rp2_common/pico_crt0/crt0.S.o
                0x10000100                __vectors
                0x10000100                __VECTOR_TABLE
                0x100001c0                isr_invalid
                0x100001c0                __default_isrs_start
                0x100001c2                isr_nmi
                0x100001c4                isr_hardfault
                0x100001c6                isr_svcall
                0x100001c8                isr_pendsv
                0x100001ca                isr_systick
                0x100001cc                isr_irq30
                0x100001cc                __unhandled_user_irq
                0x100001cc                isr_irq13
                0x100001cc                isr_irq27
                0x100001cc                isr_irq31
                0x100001cc                isr_irq5
                0x100001cc                isr_irq11
                0x100001cc                isr_irq23
                0x100001cc                isr_irq18
                0x100001cc                isr_irq28
                0x100001cc                isr_irq19
                0x100001cc                isr_irq0
                0x100001cc                isr_irq6
                0x100001cc                isr_irq22
                0x100001cc                isr_irq17
                0x100001cc                isr_irq14
                0x100001cc                isr_irq2
                0x100001cc                isr_irq10
                0x100001cc                isr_irq8
                0x100001cc                isr_irq24
                0x100001cc                isr_irq1
                0x100001cc                isr_irq7
                0x100001cc                isr_irq21
                0x100001cc                isr_irq20
                0x100001cc                isr_irq15
                0x100001cc                isr_irq25
                0x100001cc                isr_irq4
                0x100001cc                isr_irq16
                0x100001cc                isr_irq29
                0x100001cc                isr_irq26
                0x100001cc                __default_isrs_end
                0x100001cc                isr_irq3
                0x100001cc                isr_irq12
                0x100001cc                isr_irq9
                0x100001d2                unhandled_user_irq_num_in_r0
 *(.binary_info_header)
 .binary_info_header
                0x100001d4       0x14 CMakeFiles/gestao-habitos.dir/home/naves-pc/.pico-sdk/sdk/2.1.0/src/rp2_common/pico_crt0/crt0.S.o
                0x100001e8                        __binary_info_header_end = .
 *(.embedded_block)
                0x100001e8                        __embedded_block_end = .
 *(.reset)
 .reset         0x100001e8       0x9c CMakeFiles/gestao-habitos.dir/home/naves-pc/.pico-sdk/sdk/2.1.0/src/rp2_common/pico_crt0/crt0.S.o
                0x100001e8                _entry_point
 *(.init)
 .init          0x10000284        0x4 /home/naves-pc/.pico-sdk/toolchain/13_3_Rel1/bin/../lib/gcc/arm-none-eabi/13.3.1/thumb/v6-m/nofp/crti.o
                0x10000284                _init
 *(EXCLUDE_FILE(*libm.a: *libc.a:*lib_a-mem*.o *libgcc.a:) .text*)
 .text.register_tm_clones
                0x10000288       0x28 /home/naves-pc/.pico-sdk/toolchain/13_3_Rel1/bin/../lib/gcc/arm-none-eabi/13.3.1/thumb/v6-m/nofp/crtbegin.o
 .text.frame_dummy
                0x100002b0       0x24 /home/naves-pc/.pico-sdk/toolchain/13_3_Rel1/bin/../lib/gcc/arm-none-eabi/13.3.1/thumb/v6-m/nofp/crtbegin.o
 .text.acao_alarme_agua
                0x100002d4       0x10 CMakeFiles/gestao-habitos.dir/gestao-habitos.c.o
                0x100002d4                acao_alarme_agua
 .text.acao_alarme_exercicio
                0x100002e4       0x10 CMakeFiles/gestao-habitos.dir/gestao-habitos.c.o
                0x100002e4                acao_alarme_exercicio
 .text.acao_alarme_alimentacao
                0x100002f4       0x10 CMakeFiles/gestao-habitos.dir/gestao-habitos.c.o
                0x100002f4                acao_alarme_alimentacao
 .text.tcp_client_connected.part.0
                0x10000304       0xc4 CMakeFiles/gestao-habitos.dir/gestao-habitos.c.o
 .text.tcp_client_connected
                0x100003c8       0x2c CMakeFiles/gestao-habitos.dir/gestao-habitos.c.o
 .text.tcp_client_recv
                0x100003f4       0x40 CMakeFiles/gestao-habitos.dir/gestao-habitos.c.o
 .text.add_repeating_timer_ms.constprop.3.isra.0
                0x10000434       0x34 CMakeFiles/gestao-habitos.dir/gestao-habitos.c.o
 .text.ws2818b_program_init
                0x10000468       0xdc CMakeFiles/gestao-habitos.dir/gestao-habitos.c.o
                0x10000468                ws2818b_program_init
 .text.npInit   0x10000544       0x80 CMakeFiles/gestao-habitos.dir/gestao-habitos.c.o
                0x10000544                npInit
 .text.npWrite  0x100005c4       0x50 CMakeFiles/gestao-habitos.dir/gestao-habitos.c.o
                0x100005c4                npWrite
 .text.pomodoro_funcao
                0x10000614       0x7c CMakeFiles/gestao-habitos.dir/gestao-habitos.c.o
                0x10000614                pomodoro_funcao
 .text.menu_interativo.part.0
                0x10000690      0x380 CMakeFiles/gestao-habitos.dir/gestao-habitos.c.o
 .text.pwm_init_buzzer
                0x10000a10       0x94 CMakeFiles/gestao-habitos.dir/gestao-habitos.c.o
                0x10000a10                pwm_init_buzzer
 .text.display_menu
                0x10000aa4       0xf4 CMakeFiles/gestao-habitos.dir/gestao-habitos.c.o
                0x10000aa4                display_menu
 .text.startup.main
                0x10000b98      0x864 CMakeFiles/gestao-habitos.dir/gestao-habitos.c.o
                0x10000b98                main
 .text.ssd1306_draw_char_with_font.part.0
                0x100013fc      0x160 CMakeFiles/gestao-habitos.dir/ssd1306.c.o
 .text.ssd1306_init
                0x1000155c      0x144 CMakeFiles/gestao-habitos.dir/ssd1306.c.o
                0x1000155c                ssd1306_init
 .text.ssd1306_clear
                0x100016a0       0x10 CMakeFiles/gestao-habitos.dir/ssd1306.c.o
                0x100016a0                ssd1306_clear
 .text.ssd1306_draw_string
                0x100016b0       0x68 CMakeFiles/gestao-habitos.dir/ssd1306.c.o
                0x100016b0                ssd1306_draw_string
 .text.ssd1306_show
                0x10001718       0xd0 CMakeFiles/gestao-habitos.dir/ssd1306.c.o
                0x10001718                ssd1306_show
 .text.gpio_set_function
                0x100017e8       0x34 CMakeFiles/gestao-habitos.dir/home/naves-pc/.pico-sdk/sdk/2.1.0/src/rp2_common/hardware_gpio/gpio.c.o
                0x100017e8                gpio_set_function
 .text.gpio_set_pulls
                0x1000181c       0x28 CMakeFiles/gestao-habitos.dir/home/naves-pc/.pico-sdk/sdk/2.1.0/src/rp2_common/hardware_gpio/gpio.c.o
                0x1000181c                gpio_set_pulls
 .text.gpio_set_input_hysteresis_enabled
                0x10001844       0x28 CMakeFiles/gestao-habitos.dir/home/naves-pc/.pico-sdk/sdk/2.1.0/src/rp2_common/hardware_gpio/gpio.c.o
                0x10001844                gpio_set_input_hysteresis_enabled
 .text.gpio_set_irq_enabled
                0x1000186c       0x58 CMakeFiles/gestao-habitos.dir/home/naves-pc/.pico-sdk/sdk/2.1.0/src/rp2_common/hardware_gpio/gpio.c.o
                0x1000186c                gpio_set_irq_enabled
 .text.gpio_add_raw_irq_handler_with_order_priority_masked
                0x100018c4       0x44 CMakeFiles/gestao-habitos.dir/home/naves-pc/.pico-sdk/sdk/2.1.0/src/rp2_common/hardware_gpio/gpio.c.o
                0x100018c4                gpio_add_raw_irq_handler_with_order_priority_masked
 .text.gpio_remove_raw_irq_handler_masked
                0x10001908       0x20 CMakeFiles/gestao-habitos.dir/home/naves-pc/.pico-sdk/sdk/2.1.0/src/rp2_common/hardware_gpio/gpio.c.o
                0x10001908                gpio_remove_raw_irq_handler_masked
 .text.gpio_set_input_enabled
                0x10001928       0x28 CMakeFiles/gestao-habitos.dir/home/naves-pc/.pico-sdk/sdk/2.1.0/src/rp2_common/hardware_gpio/gpio.c.o
                0x10001928                gpio_set_input_enabled
 .text.gpio_init
                0x10001950       0x40 CMakeFiles/gestao-habitos.dir/home/naves-pc/.pico-sdk/sdk/2.1.0/src/rp2_common/hardware_gpio/gpio.c.o
                0x10001950                gpio_init
 .text.rp2040_chip_version
                0x10001990        0xc CMakeFiles/gestao-habitos.dir/home/naves-pc/.pico-sdk/sdk/2.1.0/src/rp2040/pico_platform/platform.c.o
                0x10001990                rp2040_chip_version
 .text.panic    0x1000199c       0x30 CMakeFiles/gestao-habitos.dir/home/naves-pc/.pico-sdk/sdk/2.1.0/src/rp2_common/pico_platform_panic/panic.c.o
                0x1000199c                panic
 .text.hw_claim_lock
                0x100019cc       0x18 CMakeFiles/gestao-habitos.dir/home/naves-pc/.pico-sdk/sdk/2.1.0/src/common/hardware_claim/claim.c.o
                0x100019cc                hw_claim_lock
 .text.hw_claim_unlock
                0x100019e4       0x14 CMakeFiles/gestao-habitos.dir/home/naves-pc/.pico-sdk/sdk/2.1.0/src/common/hardware_claim/claim.c.o
                0x100019e4                hw_claim_unlock
 .text.hw_claim_or_assert
                0x100019f8       0x44 CMakeFiles/gestao-habitos.dir/home/naves-pc/.pico-sdk/sdk/2.1.0/src/common/hardware_claim/claim.c.o
                0x100019f8                hw_claim_or_assert
 .text.hw_claim_unused_from_range
                0x10001a3c       0x9c CMakeFiles/gestao-habitos.dir/home/naves-pc/.pico-sdk/sdk/2.1.0/src/common/hardware_claim/claim.c.o
                0x10001a3c                hw_claim_unused_from_range
 .text.hw_claim_clear
                0x10001ad8       0x38 CMakeFiles/gestao-habitos.dir/home/naves-pc/.pico-sdk/sdk/2.1.0/src/common/hardware_claim/claim.c.o
                0x10001ad8                hw_claim_clear
 .text.next_striped_spin_lock_num
                0x10001b10       0x18 CMakeFiles/gestao-habitos.dir/home/naves-pc/.pico-sdk/sdk/2.1.0/src/rp2_common/hardware_sync/sync.c.o
                0x10001b10                next_striped_spin_lock_num
 .text.spin_lock_claim_unused
                0x10001b28       0x24 CMakeFiles/gestao-habitos.dir/home/naves-pc/.pico-sdk/sdk/2.1.0/src/rp2_common/hardware_sync/sync.c.o
                0x10001b28                spin_lock_claim_unused
 .text.spin_locks_reset
                0x10001b4c       0x1c CMakeFiles/gestao-habitos.dir/home/naves-pc/.pico-sdk/sdk/2.1.0/src/rp2_common/hardware_sync_spin_lock/sync_spin_lock.c.o
                0x10001b4c                spin_locks_reset
 .text.runtime_init_per_core_irq_priorities
                0x10001b68       0x24 CMakeFiles/gestao-habitos.dir/home/naves-pc/.pico-sdk/sdk/2.1.0/src/rp2_common/hardware_irq/irq.c.o
                0x10001b68                runtime_init_per_core_irq_priorities
 .text.irq_set_enabled
                0x10001b8c       0x24 CMakeFiles/gestao-habitos.dir/home/naves-pc/.pico-sdk/sdk/2.1.0/src/rp2_common/hardware_irq/irq.c.o
                0x10001b8c                irq_set_enabled
 .text.irq_is_enabled
                0x10001bb0       0x18 CMakeFiles/gestao-habitos.dir/home/naves-pc/.pico-sdk/sdk/2.1.0/src/rp2_common/hardware_irq/irq.c.o
                0x10001bb0                irq_is_enabled
 .text.irq_set_pending
                0x10001bc8       0x10 CMakeFiles/gestao-habitos.dir/home/naves-pc/.pico-sdk/sdk/2.1.0/src/rp2_common/hardware_irq/irq.c.o
                0x10001bc8                irq_set_pending
 .text.irq_has_shared_handler
                0x10001bd8       0x2c CMakeFiles/gestao-habitos.dir/home/naves-pc/.pico-sdk/sdk/2.1.0/src/rp2_common/hardware_irq/irq.c.o
                0x10001bd8                irq_has_shared_handler
 .text.irq_set_exclusive_handler
                0x10001c04       0x54 CMakeFiles/gestao-habitos.dir/home/naves-pc/.pico-sdk/sdk/2.1.0/src/rp2_common/hardware_irq/irq.c.o
                0x10001c04                irq_set_exclusive_handler
 .text.irq_add_shared_handler
                0x10001c58      0x1f4 CMakeFiles/gestao-habitos.dir/home/naves-pc/.pico-sdk/sdk/2.1.0/src/rp2_common/hardware_irq/irq.c.o
                0x10001c58                irq_add_shared_handler
 .text.irq_remove_handler
                0x10001e4c      0x1d4 CMakeFiles/gestao-habitos.dir/home/naves-pc/.pico-sdk/sdk/2.1.0/src/rp2_common/hardware_irq/irq.c.o
                0x10001e4c                irq_remove_handler
 .text.irq_set_priority
                0x10002020       0x28 CMakeFiles/gestao-habitos.dir/home/naves-pc/.pico-sdk/sdk/2.1.0/src/rp2_common/hardware_irq/irq.c.o
                0x10002020                irq_set_priority
 .text.irq_add_tail_to_free_list
                0x10002048       0xb4 CMakeFiles/gestao-habitos.dir/home/naves-pc/.pico-sdk/sdk/2.1.0/src/rp2_common/hardware_irq/irq.c.o
                0x10002048                irq_add_tail_to_free_list
 .text.user_irq_unclaim
                0x100020fc       0x14 CMakeFiles/gestao-habitos.dir/home/naves-pc/.pico-sdk/sdk/2.1.0/src/rp2_common/hardware_irq/irq.c.o
                0x100020fc                user_irq_unclaim
 .text.user_irq_claim_unused
                0x10002110       0x2c CMakeFiles/gestao-habitos.dir/home/naves-pc/.pico-sdk/sdk/2.1.0/src/rp2_common/hardware_irq/irq.c.o
                0x10002110                user_irq_claim_unused
 .text.sem_init
                0x1000213c       0x20 CMakeFiles/gestao-habitos.dir/home/naves-pc/.pico-sdk/sdk/2.1.0/src/common/pico_sync/sem.c.o
                0x1000213c                sem_init
 .text.lock_init
                0x1000215c       0x10 CMakeFiles/gestao-habitos.dir/home/naves-pc/.pico-sdk/sdk/2.1.0/src/common/pico_sync/lock_core.c.o
                0x1000215c                lock_init
 .text.runtime_init_mutex
                0x1000216c       0x50 CMakeFiles/gestao-habitos.dir/home/naves-pc/.pico-sdk/sdk/2.1.0/src/common/pico_sync/mutex.c.o
                0x1000216c                runtime_init_mutex
 .text.mutex_init
                0x100021bc       0x1c CMakeFiles/gestao-habitos.dir/home/naves-pc/.pico-sdk/sdk/2.1.0/src/common/pico_sync/mutex.c.o
                0x100021bc                mutex_init
 .text.recursive_mutex_init
                0x100021d8       0x1c CMakeFiles/gestao-habitos.dir/home/naves-pc/.pico-sdk/sdk/2.1.0/src/common/pico_sync/mutex.c.o
                0x100021d8                recursive_mutex_init
 .text.critical_section_init
                0x100021f4       0x1c CMakeFiles/gestao-habitos.dir/home/naves-pc/.pico-sdk/sdk/2.1.0/src/common/pico_sync/critical_section.c.o
                0x100021f4                critical_section_init
 .text.critical_section_init_with_lock_num
                0x10002210       0x14 CMakeFiles/gestao-habitos.dir/home/naves-pc/.pico-sdk/sdk/2.1.0/src/common/pico_sync/critical_section.c.o
                0x10002210                critical_section_init_with_lock_num
 .text.sleep_until_callback
                0x10002224       0x30 CMakeFiles/gestao-habitos.dir/home/naves-pc/.pico-sdk/sdk/2.1.0/src/common/pico_time/time.c.o
 .text.alarm_pool_irq_handler
                0x10002254      0x2fc CMakeFiles/gestao-habitos.dir/home/naves-pc/.pico-sdk/sdk/2.1.0/src/common/pico_time/time.c.o
 .text.runtime_init_default_alarm_pool
                0x10002550       0xdc CMakeFiles/gestao-habitos.dir/home/naves-pc/.pico-sdk/sdk/2.1.0/src/common/pico_time/time.c.o
                0x10002550                runtime_init_default_alarm_pool
 .text.alarm_pool_get_default
                0x1000262c        0x8 CMakeFiles/gestao-habitos.dir/home/naves-pc/.pico-sdk/sdk/2.1.0/src/common/pico_time/time.c.o
                0x1000262c                alarm_pool_get_default
 .text.alarm_pool_add_alarm_at
                0x10002634       0xd4 CMakeFiles/gestao-habitos.dir/home/naves-pc/.pico-sdk/sdk/2.1.0/src/common/pico_time/time.c.o
                0x10002634                alarm_pool_add_alarm_at
 .text.alarm_pool_add_alarm_at_force_in_context
                0x10002708       0xb0 CMakeFiles/gestao-habitos.dir/home/naves-pc/.pico-sdk/sdk/2.1.0/src/common/pico_time/time.c.o
                0x10002708                alarm_pool_add_alarm_at_force_in_context
 .text.alarm_pool_cancel_alarm
                0x100027b8       0x74 CMakeFiles/gestao-habitos.dir/home/naves-pc/.pico-sdk/sdk/2.1.0/src/common/pico_time/time.c.o
                0x100027b8                alarm_pool_cancel_alarm
 .text.alarm_pool_core_num
                0x1000282c        0x4 CMakeFiles/gestao-habitos.dir/home/naves-pc/.pico-sdk/sdk/2.1.0/src/common/pico_time/time.c.o
                0x1000282c                alarm_pool_core_num
 .text.sleep_until
                0x10002830       0xd8 CMakeFiles/gestao-habitos.dir/home/naves-pc/.pico-sdk/sdk/2.1.0/src/common/pico_time/time.c.o
                0x10002830                sleep_until
 .text.sleep_ms
                0x10002908       0x38 CMakeFiles/gestao-habitos.dir/home/naves-pc/.pico-sdk/sdk/2.1.0/src/common/pico_time/time.c.o
                0x10002908                sleep_ms
 .text.best_effort_wfe_or_timeout
                0x10002940       0xe0 CMakeFiles/gestao-habitos.dir/home/naves-pc/.pico-sdk/sdk/2.1.0/src/common/pico_time/time.c.o
                0x10002940                best_effort_wfe_or_timeout
 .text.alarm_pool_add_repeating_timer_us
                0x10002a20      0x128 CMakeFiles/gestao-habitos.dir/home/naves-pc/.pico-sdk/sdk/2.1.0/src/common/pico_time/time.c.o
                0x10002a20                alarm_pool_add_repeating_timer_us
 .text.cancel_repeating_timer
                0x10002b48       0x84 CMakeFiles/gestao-habitos.dir/home/naves-pc/.pico-sdk/sdk/2.1.0/src/common/pico_time/time.c.o
                0x10002b48                cancel_repeating_timer
 .text.timer_hardware_alarm_claim
                0x10002bcc       0x14 CMakeFiles/gestao-habitos.dir/home/naves-pc/.pico-sdk/sdk/2.1.0/src/rp2_common/hardware_timer/timer.c.o
                0x10002bcc                timer_hardware_alarm_claim
 .text.timer_time_us_64
                0x10002be0       0x10 CMakeFiles/gestao-habitos.dir/home/naves-pc/.pico-sdk/sdk/2.1.0/src/rp2_common/hardware_timer/timer.c.o
                0x10002be0                timer_time_us_64
 .text.time_us_64
                0x10002bf0       0x14 CMakeFiles/gestao-habitos.dir/home/naves-pc/.pico-sdk/sdk/2.1.0/src/rp2_common/hardware_timer/timer.c.o
                0x10002bf0                time_us_64
 .text.busy_wait_until
                0x10002c04       0x20 CMakeFiles/gestao-habitos.dir/home/naves-pc/.pico-sdk/sdk/2.1.0/src/rp2_common/hardware_timer/timer.c.o
                0x10002c04                busy_wait_until
 .text.clock_configure_int_divider
                0x10002c24       0xf4 CMakeFiles/gestao-habitos.dir/home/naves-pc/.pico-sdk/sdk/2.1.0/src/rp2_common/hardware_clocks/clocks.c.o
                0x10002c24                clock_configure_int_divider
 .text.clock_configure_undivided
                0x10002d18       0xe8 CMakeFiles/gestao-habitos.dir/home/naves-pc/.pico-sdk/sdk/2.1.0/src/rp2_common/hardware_clocks/clocks.c.o
                0x10002d18                clock_configure_undivided
 .text.clock_get_hz
                0x10002e00        0xc CMakeFiles/gestao-habitos.dir/home/naves-pc/.pico-sdk/sdk/2.1.0/src/rp2_common/hardware_clocks/clocks.c.o
                0x10002e00                clock_get_hz
 .text.pll_init
                0x10002e0c       0xa4 CMakeFiles/gestao-habitos.dir/home/naves-pc/.pico-sdk/sdk/2.1.0/src/rp2_common/hardware_pll/pll.c.o
                0x10002e0c                pll_init
 .text.watchdog_reboot
                0x10002eb0       0x9c CMakeFiles/gestao-habitos.dir/home/naves-pc/.pico-sdk/sdk/2.1.0/src/rp2_common/hardware_watchdog/watchdog.c.o
                0x10002eb0                watchdog_reboot
 .text.tick_start
                0x10002f4c       0x10 CMakeFiles/gestao-habitos.dir/home/naves-pc/.pico-sdk/sdk/2.1.0/src/rp2_common/hardware_ticks/ticks.c.o
                0x10002f4c                tick_start
 .text.rom_func_lookup
                0x10002f5c       0x10 CMakeFiles/gestao-habitos.dir/home/naves-pc/.pico-sdk/sdk/2.1.0/src/rp2_common/pico_bootrom/bootrom.c.o
                0x10002f5c                rom_func_lookup
 .text.rom_data_lookup
                0x10002f6c       0x10 CMakeFiles/gestao-habitos.dir/home/naves-pc/.pico-sdk/sdk/2.1.0/src/rp2_common/pico_bootrom/bootrom.c.o
                0x10002f6c                rom_data_lookup
 .text.rom_funcs_lookup
                0x10002f7c       0x44 CMakeFiles/gestao-habitos.dir/home/naves-pc/.pico-sdk/sdk/2.1.0/src/rp2_common/pico_bootrom/bootrom.c.o
                0x10002f7c                rom_funcs_lookup
 .text.rom_reset_usb_boot_extra
                0x10002fc0       0x28 CMakeFiles/gestao-habitos.dir/home/naves-pc/.pico-sdk/sdk/2.1.0/src/rp2_common/pico_bootrom/bootrom.c.o
                0x10002fc0                rom_reset_usb_boot_extra
 .text.xosc_init
                0x10002fe8       0x28 CMakeFiles/gestao-habitos.dir/home/naves-pc/.pico-sdk/sdk/2.1.0/src/rp2_common/hardware_xosc/xosc.c.o
                0x10002fe8                xosc_init
 .text.first_per_core_initializer
                0x10003010        0x4 CMakeFiles/gestao-habitos.dir/home/naves-pc/.pico-sdk/sdk/2.1.0/src/rp2_common/pico_runtime/runtime.c.o
 .text.hard_assertion_failure
                0x10003014        0xc CMakeFiles/gestao-habitos.dir/home/naves-pc/.pico-sdk/sdk/2.1.0/src/rp2_common/pico_runtime/runtime.c.o
                0x10003014                hard_assertion_failure
 .text.runtime_run_initializers
                0x10003020       0x28 CMakeFiles/gestao-habitos.dir/home/naves-pc/.pico-sdk/sdk/2.1.0/src/rp2_common/pico_runtime/runtime.c.o
                0x10003020                runtime_run_initializers
 .text.runtime_init_early_resets
                0x10003048       0x2c CMakeFiles/gestao-habitos.dir/home/naves-pc/.pico-sdk/sdk/2.1.0/src/rp2_common/pico_runtime_init/runtime_init.c.o
                0x10003048                runtime_init_early_resets
 .text.runtime_init_usb_power_down
                0x10003074       0x1c CMakeFiles/gestao-habitos.dir/home/naves-pc/.pico-sdk/sdk/2.1.0/src/rp2_common/pico_runtime_init/runtime_init.c.o
                0x10003074                runtime_init_usb_power_down
 .text.runtime_init_post_clock_resets
                0x10003090       0x20 CMakeFiles/gestao-habitos.dir/home/naves-pc/.pico-sdk/sdk/2.1.0/src/rp2_common/pico_runtime_init/runtime_init.c.o
                0x10003090                runtime_init_post_clock_resets
 .text.runtime_init_rp2040_gpio_ie_disable
                0x100030b0       0x14 CMakeFiles/gestao-habitos.dir/home/naves-pc/.pico-sdk/sdk/2.1.0/src/rp2_common/pico_runtime_init/runtime_init.c.o
                0x100030b0                runtime_init_rp2040_gpio_ie_disable
 .text.runtime_init_spin_locks_reset
                0x100030c4        0x8 CMakeFiles/gestao-habitos.dir/home/naves-pc/.pico-sdk/sdk/2.1.0/src/rp2_common/pico_runtime_init/runtime_init.c.o
                0x100030c4                runtime_init_spin_locks_reset
 .text.runtime_init_install_ram_vector_table
                0x100030cc       0x1c CMakeFiles/gestao-habitos.dir/home/naves-pc/.pico-sdk/sdk/2.1.0/src/rp2_common/pico_runtime_init/runtime_init.c.o
                0x100030cc                runtime_init_install_ram_vector_table
 .text.runtime_init_clocks
                0x100030e8       0xd8 CMakeFiles/gestao-habitos.dir/home/naves-pc/.pico-sdk/sdk/2.1.0/src/rp2_common/pico_runtime_init/runtime_init_clocks.c.o
                0x100030e8                runtime_init_clocks
 .text          0x100031c0       0x10 CMakeFiles/gestao-habitos.dir/home/naves-pc/.pico-sdk/sdk/2.1.0/src/rp2_common/pico_bit_ops/bit_ops_aeabi.S.o
 .text.ctzsi    0x100031d0        0xc CMakeFiles/gestao-habitos.dir/home/naves-pc/.pico-sdk/sdk/2.1.0/src/rp2_common/pico_bit_ops/bit_ops_aeabi.S.o
                0x100031d0                __wrap___ctzsi2
 .text.__wrap___aeabi_idiv
                0x100031dc       0x50 CMakeFiles/gestao-habitos.dir/home/naves-pc/.pico-sdk/sdk/2.1.0/src/rp2_common/pico_divider/divider_hardware.S.o
                0x100031dc                __wrap___aeabi_idivmod
                0x100031dc                divmod_s32s32
                0x100031dc                div_s32s32
                0x100031dc                __wrap___aeabi_idiv
                0x100031e4                divmod_s32s32_unsafe
                0x10003210                divmod_s32s32_savestate
 .text.__wrap___aeabi_uidiv
                0x1000322c       0x4c CMakeFiles/gestao-habitos.dir/home/naves-pc/.pico-sdk/sdk/2.1.0/src/rp2_common/pico_divider/divider_hardware.S.o
                0x1000322c                __wrap___aeabi_uidiv
                0x1000322c                __wrap___aeabi_uidivmod
                0x1000322c                div_u32u32
                0x1000322c                divmod_u32u32
                0x10003234                divmod_u32u32_unsafe
                0x1000325c                divmod_u32u32_savestate
 .text.__wrap___aeabi_ldiv
                0x10003278      0x424 CMakeFiles/gestao-habitos.dir/home/naves-pc/.pico-sdk/sdk/2.1.0/src/rp2_common/pico_divider/divider_hardware.S.o
                0x10003278                div_s64s64
                0x10003278                divmod_s64s64
                0x10003278                __wrap___aeabi_ldivmod
                0x100032a8                div_u64u64
                0x100032a8                divmod_u64u64
                0x100032a8                __wrap___aeabi_uldivmod
                0x100032b8                divmod_u64u64_savestate
                0x100032d8                divmod_s64s64_unsafe
                0x10003360                divmod_u64u64_unsafe
 .text.__wrap___aeabi_darithmetic
                0x1000369c       0x60 CMakeFiles/gestao-habitos.dir/home/naves-pc/.pico-sdk/sdk/2.1.0/src/rp2_common/pico_double/double_aeabi_rp2040.S.o
                0x1000369c                __wrap___aeabi_drsub
                0x100036a2                __wrap___aeabi_dsub
                0x100036ac                __wrap___aeabi_dadd
                0x100036b6                __wrap___aeabi_ddiv
                0x100036ea                __wrap___aeabi_dmul
 .text.__wrap___aeabi_cdcmple
                0x100036fc       0x6c CMakeFiles/gestao-habitos.dir/home/naves-pc/.pico-sdk/sdk/2.1.0/src/rp2_common/pico_double/double_aeabi_rp2040.S.o
                0x100036fc                __wrap___aeabi_cdrcmple
                0x1000370c                __wrap___aeabi_cdcmple
                0x1000370c                __wrap___aeabi_cdcmpeq
 .text.__wrap___aeabi_dcmplt
                0x10003768        0xc CMakeFiles/gestao-habitos.dir/home/naves-pc/.pico-sdk/sdk/2.1.0/src/rp2_common/pico_double/double_aeabi_rp2040.S.o
                0x10003768                __wrap___aeabi_dcmplt
 .text.__wrap___aeabi_dcmpge
                0x10003774       0x10 CMakeFiles/gestao-habitos.dir/home/naves-pc/.pico-sdk/sdk/2.1.0/src/rp2_common/pico_double/double_aeabi_rp2040.S.o
                0x10003774                __wrap___aeabi_dcmpge
 .text.__wrap___aeabi_dcmpgt
                0x10003784        0xa CMakeFiles/gestao-habitos.dir/home/naves-pc/.pico-sdk/sdk/2.1.0/src/rp2_common/pico_double/double_aeabi_rp2040.S.o
                0x10003784                __wrap___aeabi_dcmpgt
 .text.__wrap___aeabi_dcmpun
                0x1000378e       0x18 CMakeFiles/gestao-habitos.dir/home/naves-pc/.pico-sdk/sdk/2.1.0/src/rp2_common/pico_double/double_aeabi_rp2040.S.o
                0x1000378e                __wrap___aeabi_dcmpun
 *fill*         0x100037a6        0x2 
 .text.__wrap___aeabi_i2d
                0x100037a8       0x38 CMakeFiles/gestao-habitos.dir/home/naves-pc/.pico-sdk/sdk/2.1.0/src/rp2_common/pico_double/double_aeabi_rp2040.S.o
                0x100037a8                __wrap___aeabi_ui2d
                0x100037b0                __wrap___aeabi_i2d
 .text.__wrap___aeabi_d2iz
                0x100037e0       0x48 CMakeFiles/gestao-habitos.dir/home/naves-pc/.pico-sdk/sdk/2.1.0/src/rp2_common/pico_double/double_aeabi_rp2040.S.o
                0x100037e0                __wrap___aeabi_d2iz
                0x100037e0                double2int_z
 .text.__wrap___aeabi_d2uiz
                0x10003828       0x10 CMakeFiles/gestao-habitos.dir/home/naves-pc/.pico-sdk/sdk/2.1.0/src/rp2_common/pico_double/double_aeabi_rp2040.S.o
                0x10003828                double2uint
                0x10003828                __wrap___aeabi_d2uiz
 .text.missing_double_func_shim
                0x10003838        0xc CMakeFiles/gestao-habitos.dir/home/naves-pc/.pico-sdk/sdk/2.1.0/src/rp2_common/pico_double/double_init_rom_rp2040.c.o
 .text.__aeabi_double_init
                0x10003844       0xa0 CMakeFiles/gestao-habitos.dir/home/naves-pc/.pico-sdk/sdk/2.1.0/src/rp2_common/pico_double/double_init_rom_rp2040.c.o
                0x10003844                __aeabi_double_init
 .text.double_table_shim_on_use_helper
                0x100038e4       0x2c CMakeFiles/gestao-habitos.dir/home/naves-pc/.pico-sdk/sdk/2.1.0/src/rp2_common/pico_double/double_v1_rom_shim_rp2040.S.o
                0x100038e4                double_table_shim_on_use_helper
 .text.__aeabi_lmul
                0x10003910       0x32 CMakeFiles/gestao-habitos.dir/home/naves-pc/.pico-sdk/sdk/2.1.0/src/rp2_common/pico_int64_ops/pico_int64_ops_aeabi.S.o
                0x10003910                __wrap___aeabi_lmul
 *fill*         0x10003942        0x2 
 .text.__wrap___aeabi_farithmetic
                0x10003944       0x48 CMakeFiles/gestao-habitos.dir/home/naves-pc/.pico-sdk/sdk/2.1.0/src/rp2_common/pico_float/float_aeabi_rp2040.S.o
                0x10003944                __wrap___aeabi_frsub
                0x1000394a                __wrap___aeabi_fsub
                0x10003950                __wrap___aeabi_fadd
                0x10003956                __wrap___aeabi_fdiv
                0x1000397e                __wrap___aeabi_fmul
 .text.__wrap___aeabi_ui2f
                0x1000398c        0xa CMakeFiles/gestao-habitos.dir/home/naves-pc/.pico-sdk/sdk/2.1.0/src/rp2_common/pico_float/float_aeabi_rp2040.S.o
                0x1000398c                uint2float
                0x1000398c                __wrap___aeabi_ui2f
 *fill*         0x10003996        0x2 
 .text.__wrap___aeabi_i2f
                0x10003998       0x44 CMakeFiles/gestao-habitos.dir/home/naves-pc/.pico-sdk/sdk/2.1.0/src/rp2_common/pico_float/float_aeabi_rp2040.S.o
                0x10003998                int2float
                0x10003998                __wrap___aeabi_i2f
 .text.__wrap___aeabi_f2uiz
                0x100039dc        0xc CMakeFiles/gestao-habitos.dir/home/naves-pc/.pico-sdk/sdk/2.1.0/src/rp2_common/pico_float/float_aeabi_rp2040.S.o
                0x100039dc                float2uint_z
                0x100039dc                __wrap___aeabi_f2uiz
 .text.missing_float_func_shim
                0x100039e8        0xc CMakeFiles/gestao-habitos.dir/home/naves-pc/.pico-sdk/sdk/2.1.0/src/rp2_common/pico_float/float_init_rom_rp2040.c.o
 .text.__aeabi_float_init
                0x100039f4       0x5c CMakeFiles/gestao-habitos.dir/home/naves-pc/.pico-sdk/sdk/2.1.0/src/rp2_common/pico_float/float_init_rom_rp2040.c.o
                0x100039f4                __aeabi_float_init
 .text.__wrap_malloc
                0x10003a50       0x24 CMakeFiles/gestao-habitos.dir/home/naves-pc/.pico-sdk/sdk/2.1.0/src/rp2_common/pico_malloc/malloc.c.o
                0x10003a50                __wrap_malloc
 .text          0x10003a74       0x10 CMakeFiles/gestao-habitos.dir/home/naves-pc/.pico-sdk/sdk/2.1.0/src/rp2_common/pico_mem_ops/mem_ops_aeabi.S.o
                0x10003a74                __aeabi_mem_init
 .text.memset   0x10003a84        0xc CMakeFiles/gestao-habitos.dir/home/naves-pc/.pico-sdk/sdk/2.1.0/src/rp2_common/pico_mem_ops/mem_ops_aeabi.S.o
                0x10003a84                __wrap_memset
 .text.memcpy   0x10003a90        0xc CMakeFiles/gestao-habitos.dir/home/naves-pc/.pico-sdk/sdk/2.1.0/src/rp2_common/pico_mem_ops/mem_ops_aeabi.S.o
                0x10003a90                __wrap___aeabi_memcpy
                0x10003a90                __wrap_memcpy
 .text._out_buffer
                0x10003a9c        0x8 CMakeFiles/gestao-habitos.dir/home/naves-pc/.pico-sdk/sdk/2.1.0/src/rp2_common/pico_printf/printf.c.o
 .text._out_null
                0x10003aa4        0x4 CMakeFiles/gestao-habitos.dir/home/naves-pc/.pico-sdk/sdk/2.1.0/src/rp2_common/pico_printf/printf.c.o
 .text._out_rev
                0x10003aa8       0xac CMakeFiles/gestao-habitos.dir/home/naves-pc/.pico-sdk/sdk/2.1.0/src/rp2_common/pico_printf/printf.c.o
 .text._ntoa_format
                0x10003b54      0x250 CMakeFiles/gestao-habitos.dir/home/naves-pc/.pico-sdk/sdk/2.1.0/src/rp2_common/pico_printf/printf.c.o
 .text._out_char
                0x10003da4       0x10 CMakeFiles/gestao-habitos.dir/home/naves-pc/.pico-sdk/sdk/2.1.0/src/rp2_common/pico_printf/printf.c.o
 .text._out_fct
                0x10003db4       0x10 CMakeFiles/gestao-habitos.dir/home/naves-pc/.pico-sdk/sdk/2.1.0/src/rp2_common/pico_printf/printf.c.o
 .text._etoa    0x10003dc4      0x464 CMakeFiles/gestao-habitos.dir/home/naves-pc/.pico-sdk/sdk/2.1.0/src/rp2_common/pico_printf/printf.c.o
 .text._ftoa    0x10004228      0x3c0 CMakeFiles/gestao-habitos.dir/home/naves-pc/.pico-sdk/sdk/2.1.0/src/rp2_common/pico_printf/printf.c.o
 .text._vsnprintf
                0x100045e8      0xbc8 CMakeFiles/gestao-habitos.dir/home/naves-pc/.pico-sdk/sdk/2.1.0/src/rp2_common/pico_printf/printf.c.o
 .text.__wrap_sprintf
                0x100051b0       0x2c CMakeFiles/gestao-habitos.dir/home/naves-pc/.pico-sdk/sdk/2.1.0/src/rp2_common/pico_printf/printf.c.o
                0x100051b0                __wrap_sprintf
 .text.__wrap_snprintf
                0x100051dc       0x28 CMakeFiles/gestao-habitos.dir/home/naves-pc/.pico-sdk/sdk/2.1.0/src/rp2_common/pico_printf/printf.c.o
                0x100051dc                __wrap_snprintf
 .text.vfctprintf
                0x10005204       0x20 CMakeFiles/gestao-habitos.dir/home/naves-pc/.pico-sdk/sdk/2.1.0/src/rp2_common/pico_printf/printf.c.o
                0x10005204                vfctprintf
 .text.weak_raw_vprintf
                0x10005224       0x30 CMakeFiles/gestao-habitos.dir/home/naves-pc/.pico-sdk/sdk/2.1.0/src/rp2_common/pico_printf/printf.c.o
                0x10005224                weak_raw_vprintf
 .text._exit    0x10005254        0x4 CMakeFiles/gestao-habitos.dir/home/naves-pc/.pico-sdk/sdk/2.1.0/src/rp2_common/pico_clib_interface/newlib_interface.c.o
                0x10005254                _exit
 .text._sbrk    0x10005258       0x34 CMakeFiles/gestao-habitos.dir/home/naves-pc/.pico-sdk/sdk/2.1.0/src/rp2_common/pico_clib_interface/newlib_interface.c.o
                0x10005258                _sbrk
 .text.exit     0x1000528c        0x8 CMakeFiles/gestao-habitos.dir/home/naves-pc/.pico-sdk/sdk/2.1.0/src/rp2_common/pico_clib_interface/newlib_interface.c.o
                0x1000528c                exit
 .text.runtime_init
                0x10005294       0x2c CMakeFiles/gestao-habitos.dir/home/naves-pc/.pico-sdk/sdk/2.1.0/src/rp2_common/pico_clib_interface/newlib_interface.c.o
                0x10005294                runtime_init
 .text.stdio_out_chars_no_crlf
                0x100052c0       0x10 CMakeFiles/gestao-habitos.dir/home/naves-pc/.pico-sdk/sdk/2.1.0/src/rp2_common/pico_stdio/stdio.c.o
 .text.stdio_out_chars_crlf
                0x100052d0       0x94 CMakeFiles/gestao-habitos.dir/home/naves-pc/.pico-sdk/sdk/2.1.0/src/rp2_common/pico_stdio/stdio.c.o
 .text.stdio_buffered_printer
                0x10005364       0x64 CMakeFiles/gestao-habitos.dir/home/naves-pc/.pico-sdk/sdk/2.1.0/src/rp2_common/pico_stdio/stdio.c.o
 .text.stdio_put_string
                0x100053c8      0x100 CMakeFiles/gestao-habitos.dir/home/naves-pc/.pico-sdk/sdk/2.1.0/src/rp2_common/pico_stdio/stdio.c.o
                0x100053c8                stdio_put_string
 .text.stdio_set_driver_enabled
                0x100054c8       0x30 CMakeFiles/gestao-habitos.dir/home/naves-pc/.pico-sdk/sdk/2.1.0/src/rp2_common/pico_stdio/stdio.c.o
                0x100054c8                stdio_set_driver_enabled
 .text.stdio_init_all
                0x100054f8        0x8 CMakeFiles/gestao-habitos.dir/home/naves-pc/.pico-sdk/sdk/2.1.0/src/rp2_common/pico_stdio/stdio.c.o
                0x100054f8                stdio_init_all
 .text.__wrap_putchar
                0x10005500       0x98 CMakeFiles/gestao-habitos.dir/home/naves-pc/.pico-sdk/sdk/2.1.0/src/rp2_common/pico_stdio/stdio.c.o
                0x10005500                stdio_putchar
                0x10005500                __wrap_putchar
 .text.__wrap_puts
                0x10005598       0x3c CMakeFiles/gestao-habitos.dir/home/naves-pc/.pico-sdk/sdk/2.1.0/src/rp2_common/pico_stdio/stdio.c.o
                0x10005598                __wrap_puts
                0x10005598                stdio_puts
 .text.__wrap_vprintf
                0x100055d4       0xd4 CMakeFiles/gestao-habitos.dir/home/naves-pc/.pico-sdk/sdk/2.1.0/src/rp2_common/pico_stdio/stdio.c.o
                0x100055d4                __wrap_vprintf
                0x100055d4                stdio_vprintf
 .text.__wrap_printf
                0x100056a8       0x18 CMakeFiles/gestao-habitos.dir/home/naves-pc/.pico-sdk/sdk/2.1.0/src/rp2_common/pico_stdio/stdio.c.o
                0x100056a8                stdio_printf
                0x100056a8                __wrap_printf
 .text.resetd_init
                0x100056c0        0x4 CMakeFiles/gestao-habitos.dir/home/naves-pc/.pico-sdk/sdk/2.1.0/src/rp2_common/pico_stdio_usb/reset_interface.c.o
 .text.resetd_reset
                0x100056c4        0xc CMakeFiles/gestao-habitos.dir/home/naves-pc/.pico-sdk/sdk/2.1.0/src/rp2_common/pico_stdio_usb/reset_interface.c.o
 .text.resetd_open
                0x100056d0       0x28 CMakeFiles/gestao-habitos.dir/home/naves-pc/.pico-sdk/sdk/2.1.0/src/rp2_common/pico_stdio_usb/reset_interface.c.o
 .text.resetd_xfer_cb
                0x100056f8        0x4 CMakeFiles/gestao-habitos.dir/home/naves-pc/.pico-sdk/sdk/2.1.0/src/rp2_common/pico_stdio_usb/reset_interface.c.o
 .text.resetd_control_xfer_cb
                0x100056fc       0x5c CMakeFiles/gestao-habitos.dir/home/naves-pc/.pico-sdk/sdk/2.1.0/src/rp2_common/pico_stdio_usb/reset_interface.c.o
 .text.tud_descriptor_bos_cb
                0x10005758        0x8 CMakeFiles/gestao-habitos.dir/home/naves-pc/.pico-sdk/sdk/2.1.0/src/rp2_common/pico_stdio_usb/reset_interface.c.o
                0x10005758                tud_descriptor_bos_cb
 .text.tud_vendor_control_xfer_cb
                0x10005760       0x34 CMakeFiles/gestao-habitos.dir/home/naves-pc/.pico-sdk/sdk/2.1.0/src/rp2_common/pico_stdio_usb/reset_interface.c.o
                0x10005760                tud_vendor_control_xfer_cb
 .text.usbd_app_driver_get_cb
                0x10005794        0xc CMakeFiles/gestao-habitos.dir/home/naves-pc/.pico-sdk/sdk/2.1.0/src/rp2_common/pico_stdio_usb/reset_interface.c.o
                0x10005794                usbd_app_driver_get_cb
 .text.tud_cdc_line_coding_cb
                0x100057a0       0x2c CMakeFiles/gestao-habitos.dir/home/naves-pc/.pico-sdk/sdk/2.1.0/src/rp2_common/pico_stdio_usb/reset_interface.c.o
                0x100057a0                tud_cdc_line_coding_cb
 .text.stdio_usb_set_chars_available_callback
                0x100057cc       0x14 CMakeFiles/gestao-habitos.dir/home/naves-pc/.pico-sdk/sdk/2.1.0/src/rp2_common/pico_stdio_usb/stdio_usb.c.o
                0x100057cc                stdio_usb_set_chars_available_callback
 .text.usb_irq  0x100057e0       0x10 CMakeFiles/gestao-habitos.dir/home/naves-pc/.pico-sdk/sdk/2.1.0/src/rp2_common/pico_stdio_usb/stdio_usb.c.o
 .text.timer_task
                0x100057f0       0x64 CMakeFiles/gestao-habitos.dir/home/naves-pc/.pico-sdk/sdk/2.1.0/src/rp2_common/pico_stdio_usb/stdio_usb.c.o
 .text.stdio_usb_in_chars
                0x10005854       0x90 CMakeFiles/gestao-habitos.dir/home/naves-pc/.pico-sdk/sdk/2.1.0/src/rp2_common/pico_stdio_usb/stdio_usb.c.o
                0x10005854                stdio_usb_in_chars
 .text.stdio_usb_out_flush
                0x100058e4       0x50 CMakeFiles/gestao-habitos.dir/home/naves-pc/.pico-sdk/sdk/2.1.0/src/rp2_common/pico_stdio_usb/stdio_usb.c.o
 .text.stdio_usb_out_chars
                0x10005934      0x104 CMakeFiles/gestao-habitos.dir/home/naves-pc/.pico-sdk/sdk/2.1.0/src/rp2_common/pico_stdio_usb/stdio_usb.c.o
 .text.low_priority_worker_irq
                0x10005a38       0xcc CMakeFiles/gestao-habitos.dir/home/naves-pc/.pico-sdk/sdk/2.1.0/src/rp2_common/pico_stdio_usb/stdio_usb.c.o
 .text.stdio_usb_init
                0x10005b04       0xe8 CMakeFiles/gestao-habitos.dir/home/naves-pc/.pico-sdk/sdk/2.1.0/src/rp2_common/pico_stdio_usb/stdio_usb.c.o
                0x10005b04                stdio_usb_init
 .text.tud_descriptor_device_cb
                0x10005bec        0x8 CMakeFiles/gestao-habitos.dir/home/naves-pc/.pico-sdk/sdk/2.1.0/src/rp2_common/pico_stdio_usb/stdio_usb_descriptors.c.o
                0x10005bec                tud_descriptor_device_cb
 .text.tud_descriptor_configuration_cb
                0x10005bf4        0x8 CMakeFiles/gestao-habitos.dir/home/naves-pc/.pico-sdk/sdk/2.1.0/src/rp2_common/pico_stdio_usb/stdio_usb_descriptors.c.o
                0x10005bf4                tud_descriptor_configuration_cb
 .text.tud_descriptor_string_cb
                0x10005bfc       0x78 CMakeFiles/gestao-habitos.dir/home/naves-pc/.pico-sdk/sdk/2.1.0/src/rp2_common/pico_stdio_usb/stdio_usb_descriptors.c.o
                0x10005bfc                tud_descriptor_string_cb
 .text.startup._retrieve_unique_id_on_boot
                0x10005c74       0x10 CMakeFiles/gestao-habitos.dir/home/naves-pc/.pico-sdk/sdk/2.1.0/src/rp2_common/pico_unique_id/unique_id.c.o
 .text.pico_get_unique_board_id
                0x10005c84       0x10 CMakeFiles/gestao-habitos.dir/home/naves-pc/.pico-sdk/sdk/2.1.0/src/rp2_common/pico_unique_id/unique_id.c.o
                0x10005c84                pico_get_unique_board_id
 .text.pico_get_unique_board_id_string
                0x10005c94      0x1a8 CMakeFiles/gestao-habitos.dir/home/naves-pc/.pico-sdk/sdk/2.1.0/src/rp2_common/pico_unique_id/unique_id.c.o
                0x10005c94                pico_get_unique_board_id_string
 .text.flash_get_unique_id
                0x10005e3c       0x3c CMakeFiles/gestao-habitos.dir/home/naves-pc/.pico-sdk/sdk/2.1.0/src/rp2_common/hardware_flash/flash.c.o
                0x10005e3c                flash_get_unique_id
 .text.dcd_init
                0x10005e78       0x8c CMakeFiles/gestao-habitos.dir/home/naves-pc/.pico-sdk/sdk/2.1.0/lib/tinyusb/src/portable/raspberrypi/rp2040/dcd_rp2040.c.o
                0x10005e78                dcd_init
 .text.dcd_int_enable
                0x10005f04        0xc CMakeFiles/gestao-habitos.dir/home/naves-pc/.pico-sdk/sdk/2.1.0/lib/tinyusb/src/portable/raspberrypi/rp2040/dcd_rp2040.c.o
                0x10005f04                dcd_int_enable
 .text.dcd_set_address
                0x10005f10       0x14 CMakeFiles/gestao-habitos.dir/home/naves-pc/.pico-sdk/sdk/2.1.0/lib/tinyusb/src/portable/raspberrypi/rp2040/dcd_rp2040.c.o
                0x10005f10                dcd_set_address
 .text.dcd_sof_enable
                0x10005f24       0x1c CMakeFiles/gestao-habitos.dir/home/naves-pc/.pico-sdk/sdk/2.1.0/lib/tinyusb/src/portable/raspberrypi/rp2040/dcd_rp2040.c.o
                0x10005f24                dcd_sof_enable
 .text.dcd_edpt0_status_complete
                0x10005f40       0x1c CMakeFiles/gestao-habitos.dir/home/naves-pc/.pico-sdk/sdk/2.1.0/lib/tinyusb/src/portable/raspberrypi/rp2040/dcd_rp2040.c.o
                0x10005f40                dcd_edpt0_status_complete
 .text.dcd_edpt_open
                0x10005f5c      0x108 CMakeFiles/gestao-habitos.dir/home/naves-pc/.pico-sdk/sdk/2.1.0/lib/tinyusb/src/portable/raspberrypi/rp2040/dcd_rp2040.c.o
                0x10005f5c                dcd_edpt_open
 .text.dcd_edpt_close_all
                0x10006064        0x8 CMakeFiles/gestao-habitos.dir/home/naves-pc/.pico-sdk/sdk/2.1.0/lib/tinyusb/src/portable/raspberrypi/rp2040/dcd_rp2040.c.o
                0x10006064                dcd_edpt_close_all
 .text.dcd_edpt_xfer
                0x1000606c       0x24 CMakeFiles/gestao-habitos.dir/home/naves-pc/.pico-sdk/sdk/2.1.0/lib/tinyusb/src/portable/raspberrypi/rp2040/dcd_rp2040.c.o
                0x1000606c                dcd_edpt_xfer
 .text.dcd_edpt_stall
                0x10006090       0x34 CMakeFiles/gestao-habitos.dir/home/naves-pc/.pico-sdk/sdk/2.1.0/lib/tinyusb/src/portable/raspberrypi/rp2040/dcd_rp2040.c.o
                0x10006090                dcd_edpt_stall
 .text.dcd_edpt_clear_stall
                0x100060c4       0x30 CMakeFiles/gestao-habitos.dir/home/naves-pc/.pico-sdk/sdk/2.1.0/lib/tinyusb/src/portable/raspberrypi/rp2040/dcd_rp2040.c.o
                0x100060c4                dcd_edpt_clear_stall
 .text.rp2040_usb_init
                0x100060f4       0x40 CMakeFiles/gestao-habitos.dir/home/naves-pc/.pico-sdk/sdk/2.1.0/lib/tinyusb/src/portable/raspberrypi/rp2040/rp2040_usb.c.o
                0x100060f4                rp2040_usb_init
 .text.hw_endpoint_xfer_start
                0x10006134       0x40 CMakeFiles/gestao-habitos.dir/home/naves-pc/.pico-sdk/sdk/2.1.0/lib/tinyusb/src/portable/raspberrypi/rp2040/rp2040_usb.c.o
                0x10006134                hw_endpoint_xfer_start
 .text.tud_event_hook_cb
                0x10006174        0x4 CMakeFiles/gestao-habitos.dir/home/naves-pc/.pico-sdk/sdk/2.1.0/lib/tinyusb/src/device/usbd.c.o
                0x10006174                tud_event_hook_cb
 .text.tud_sof_cb
                0x10006178        0x4 CMakeFiles/gestao-habitos.dir/home/naves-pc/.pico-sdk/sdk/2.1.0/lib/tinyusb/src/device/usbd.c.o
                0x10006178                tud_sof_cb
 .text.tud_descriptor_device_qualifier_cb
                0x1000617c        0x4 CMakeFiles/gestao-habitos.dir/home/naves-pc/.pico-sdk/sdk/2.1.0/lib/tinyusb/src/device/usbd.c.o
                0x1000617c                tud_descriptor_device_qualifier_cb
 .text.tud_descriptor_other_speed_configuration_cb
                0x10006180        0x4 CMakeFiles/gestao-habitos.dir/home/naves-pc/.pico-sdk/sdk/2.1.0/lib/tinyusb/src/device/usbd.c.o
                0x10006180                tud_descriptor_other_speed_configuration_cb
 .text.tud_mount_cb
                0x10006184        0x4 CMakeFiles/gestao-habitos.dir/home/naves-pc/.pico-sdk/sdk/2.1.0/lib/tinyusb/src/device/usbd.c.o
                0x10006184                tud_mount_cb
 .text.tud_umount_cb
                0x10006188        0x4 CMakeFiles/gestao-habitos.dir/home/naves-pc/.pico-sdk/sdk/2.1.0/lib/tinyusb/src/device/usbd.c.o
                0x10006188                tud_umount_cb
 .text.tud_suspend_cb
                0x1000618c        0x4 CMakeFiles/gestao-habitos.dir/home/naves-pc/.pico-sdk/sdk/2.1.0/lib/tinyusb/src/device/usbd.c.o
                0x1000618c                tud_suspend_cb
 .text.tud_resume_cb
                0x10006190        0x4 CMakeFiles/gestao-habitos.dir/home/naves-pc/.pico-sdk/sdk/2.1.0/lib/tinyusb/src/device/usbd.c.o
                0x10006190                tud_resume_cb
 .text.tud_mounted
                0x10006194       0x10 CMakeFiles/gestao-habitos.dir/home/naves-pc/.pico-sdk/sdk/2.1.0/lib/tinyusb/src/device/usbd.c.o
                0x10006194                tud_mounted
 .text.tud_suspended
                0x100061a4       0x10 CMakeFiles/gestao-habitos.dir/home/naves-pc/.pico-sdk/sdk/2.1.0/lib/tinyusb/src/device/usbd.c.o
                0x100061a4                tud_suspended
 .text.tud_init
                0x100061b4       0xe4 CMakeFiles/gestao-habitos.dir/home/naves-pc/.pico-sdk/sdk/2.1.0/lib/tinyusb/src/device/usbd.c.o
                0x100061b4                tud_init
 .text.tud_task_ext
                0x10006298      0x800 CMakeFiles/gestao-habitos.dir/home/naves-pc/.pico-sdk/sdk/2.1.0/lib/tinyusb/src/device/usbd.c.o
                0x10006298                tud_task_ext
 .text.usbd_open_edpt_pair
                0x10006a98       0x9c CMakeFiles/gestao-habitos.dir/home/naves-pc/.pico-sdk/sdk/2.1.0/lib/tinyusb/src/device/usbd.c.o
                0x10006a98                usbd_open_edpt_pair
 .text.usbd_edpt_open
                0x10006b34       0x34 CMakeFiles/gestao-habitos.dir/home/naves-pc/.pico-sdk/sdk/2.1.0/lib/tinyusb/src/device/usbd.c.o
                0x10006b34                usbd_edpt_open
 .text.usbd_edpt_claim
                0x10006b68       0x28 CMakeFiles/gestao-habitos.dir/home/naves-pc/.pico-sdk/sdk/2.1.0/lib/tinyusb/src/device/usbd.c.o
                0x10006b68                usbd_edpt_claim
 .text.usbd_edpt_release
                0x10006b90       0x28 CMakeFiles/gestao-habitos.dir/home/naves-pc/.pico-sdk/sdk/2.1.0/lib/tinyusb/src/device/usbd.c.o
                0x10006b90                usbd_edpt_release
 .text.usbd_edpt_xfer
                0x10006bb8       0x4c CMakeFiles/gestao-habitos.dir/home/naves-pc/.pico-sdk/sdk/2.1.0/lib/tinyusb/src/device/usbd.c.o
                0x10006bb8                usbd_edpt_xfer
 .text.tud_control_status
                0x10006c04       0x2c CMakeFiles/gestao-habitos.dir/home/naves-pc/.pico-sdk/sdk/2.1.0/lib/tinyusb/src/device/usbd_control.c.o
                0x10006c04                tud_control_status
 .text.tud_control_xfer
                0x10006c30       0xac CMakeFiles/gestao-habitos.dir/home/naves-pc/.pico-sdk/sdk/2.1.0/lib/tinyusb/src/device/usbd_control.c.o
                0x10006c30                tud_control_xfer
 .text.usbd_control_reset
                0x10006cdc       0x14 CMakeFiles/gestao-habitos.dir/home/naves-pc/.pico-sdk/sdk/2.1.0/lib/tinyusb/src/device/usbd_control.c.o
                0x10006cdc                usbd_control_reset
 .text.usbd_control_set_complete_callback
                0x10006cf0        0xc CMakeFiles/gestao-habitos.dir/home/naves-pc/.pico-sdk/sdk/2.1.0/lib/tinyusb/src/device/usbd_control.c.o
                0x10006cf0                usbd_control_set_complete_callback
 .text.usbd_control_set_request
                0x10006cfc       0x1c CMakeFiles/gestao-habitos.dir/home/naves-pc/.pico-sdk/sdk/2.1.0/lib/tinyusb/src/device/usbd_control.c.o
                0x10006cfc                usbd_control_set_request
 .text.usbd_control_xfer_cb
                0x10006d18       0xec CMakeFiles/gestao-habitos.dir/home/naves-pc/.pico-sdk/sdk/2.1.0/lib/tinyusb/src/device/usbd_control.c.o
                0x10006d18                usbd_control_xfer_cb
 .text._prep_out_transaction.isra.0
                0x10006e04       0x5c CMakeFiles/gestao-habitos.dir/home/naves-pc/.pico-sdk/sdk/2.1.0/lib/tinyusb/src/class/cdc/cdc_device.c.o
 .text.tud_cdc_n_connected
                0x10006e60       0x30 CMakeFiles/gestao-habitos.dir/home/naves-pc/.pico-sdk/sdk/2.1.0/lib/tinyusb/src/class/cdc/cdc_device.c.o
                0x10006e60                tud_cdc_n_connected
 .text.tud_cdc_n_available
                0x10006e90       0x18 CMakeFiles/gestao-habitos.dir/home/naves-pc/.pico-sdk/sdk/2.1.0/lib/tinyusb/src/class/cdc/cdc_device.c.o
                0x10006e90                tud_cdc_n_available
 .text.tud_cdc_n_read
                0x10006ea8       0x98 CMakeFiles/gestao-habitos.dir/home/naves-pc/.pico-sdk/sdk/2.1.0/lib/tinyusb/src/class/cdc/cdc_device.c.o
                0x10006ea8                tud_cdc_n_read
 .text.tud_cdc_n_write_flush
                0x10006f40       0x78 CMakeFiles/gestao-habitos.dir/home/naves-pc/.pico-sdk/sdk/2.1.0/lib/tinyusb/src/class/cdc/cdc_device.c.o
                0x10006f40                tud_cdc_n_write_flush
 .text.tud_cdc_n_write
                0x10006fb8       0x40 CMakeFiles/gestao-habitos.dir/home/naves-pc/.pico-sdk/sdk/2.1.0/lib/tinyusb/src/class/cdc/cdc_device.c.o
                0x10006fb8                tud_cdc_n_write
 .text.tud_cdc_n_write_available
                0x10006ff8       0x18 CMakeFiles/gestao-habitos.dir/home/naves-pc/.pico-sdk/sdk/2.1.0/lib/tinyusb/src/class/cdc/cdc_device.c.o
                0x10006ff8                tud_cdc_n_write_available
 .text.cdcd_init
                0x10007010       0x7c CMakeFiles/gestao-habitos.dir/home/naves-pc/.pico-sdk/sdk/2.1.0/lib/tinyusb/src/class/cdc/cdc_device.c.o
                0x10007010                cdcd_init
 .text.cdcd_deinit
                0x1000708c       0x34 CMakeFiles/gestao-habitos.dir/home/naves-pc/.pico-sdk/sdk/2.1.0/lib/tinyusb/src/class/cdc/cdc_device.c.o
                0x1000708c                cdcd_deinit
 .text.cdcd_reset
                0x100070c0       0x4c CMakeFiles/gestao-habitos.dir/home/naves-pc/.pico-sdk/sdk/2.1.0/lib/tinyusb/src/class/cdc/cdc_device.c.o
                0x100070c0                cdcd_reset
 .text.cdcd_open
                0x1000710c       0xb0 CMakeFiles/gestao-habitos.dir/home/naves-pc/.pico-sdk/sdk/2.1.0/lib/tinyusb/src/class/cdc/cdc_device.c.o
                0x1000710c                cdcd_open
 .text.cdcd_control_xfer_cb
                0x100071bc       0xe4 CMakeFiles/gestao-habitos.dir/home/naves-pc/.pico-sdk/sdk/2.1.0/lib/tinyusb/src/class/cdc/cdc_device.c.o
                0x100071bc                cdcd_control_xfer_cb
 .text.cdcd_xfer_cb
                0x100072a0      0x100 CMakeFiles/gestao-habitos.dir/home/naves-pc/.pico-sdk/sdk/2.1.0/lib/tinyusb/src/class/cdc/cdc_device.c.o
                0x100072a0                cdcd_xfer_cb
 .text.vendord_init
                0x100073a0       0x5c CMakeFiles/gestao-habitos.dir/home/naves-pc/.pico-sdk/sdk/2.1.0/lib/tinyusb/src/class/vendor/vendor_device.c.o
                0x100073a0                vendord_init
 .text.vendord_deinit
                0x100073fc       0x1c CMakeFiles/gestao-habitos.dir/home/naves-pc/.pico-sdk/sdk/2.1.0/lib/tinyusb/src/class/vendor/vendor_device.c.o
                0x100073fc                vendord_deinit
 .text.vendord_reset
                0x10007418       0x20 CMakeFiles/gestao-habitos.dir/home/naves-pc/.pico-sdk/sdk/2.1.0/lib/tinyusb/src/class/vendor/vendor_device.c.o
                0x10007418                vendord_reset
 .text.vendord_open
                0x10007438      0x138 CMakeFiles/gestao-habitos.dir/home/naves-pc/.pico-sdk/sdk/2.1.0/lib/tinyusb/src/class/vendor/vendor_device.c.o
                0x10007438                vendord_open
 .text.vendord_xfer_cb
                0x10007570       0x9c CMakeFiles/gestao-habitos.dir/home/naves-pc/.pico-sdk/sdk/2.1.0/lib/tinyusb/src/class/vendor/vendor_device.c.o
                0x10007570                vendord_xfer_cb
 .text.tusb_init
                0x1000760c        0xc CMakeFiles/gestao-habitos.dir/home/naves-pc/.pico-sdk/sdk/2.1.0/lib/tinyusb/src/tusb.c.o
                0x1000760c                tusb_init
 .text.tu_edpt_claim
                0x10007618       0x50 CMakeFiles/gestao-habitos.dir/home/naves-pc/.pico-sdk/sdk/2.1.0/lib/tinyusb/src/tusb.c.o
                0x10007618                tu_edpt_claim
 .text.tu_edpt_release
                0x10007668       0x38 CMakeFiles/gestao-habitos.dir/home/naves-pc/.pico-sdk/sdk/2.1.0/lib/tinyusb/src/tusb.c.o
                0x10007668                tu_edpt_release
 .text.tu_edpt_validate
                0x100076a0       0x7c CMakeFiles/gestao-habitos.dir/home/naves-pc/.pico-sdk/sdk/2.1.0/lib/tinyusb/src/tusb.c.o
                0x100076a0                tu_edpt_validate
 .text.tu_edpt_bind_driver
                0x1000771c       0x34 CMakeFiles/gestao-habitos.dir/home/naves-pc/.pico-sdk/sdk/2.1.0/lib/tinyusb/src/tusb.c.o
                0x1000771c                tu_edpt_bind_driver
 .text.tu_edpt_stream_init
                0x10007750       0x6c CMakeFiles/gestao-habitos.dir/home/naves-pc/.pico-sdk/sdk/2.1.0/lib/tinyusb/src/tusb.c.o
                0x10007750                tu_edpt_stream_init
 .text.tu_edpt_stream_deinit
                0x100077bc        0x4 CMakeFiles/gestao-habitos.dir/home/naves-pc/.pico-sdk/sdk/2.1.0/lib/tinyusb/src/tusb.c.o
                0x100077bc                tu_edpt_stream_deinit
 .text.tu_edpt_stream_write_zlp_if_needed
                0x100077c0       0x68 CMakeFiles/gestao-habitos.dir/home/naves-pc/.pico-sdk/sdk/2.1.0/lib/tinyusb/src/tusb.c.o
                0x100077c0                tu_edpt_stream_write_zlp_if_needed
 .text.tu_edpt_stream_write_xfer
                0x10007828       0x64 CMakeFiles/gestao-habitos.dir/home/naves-pc/.pico-sdk/sdk/2.1.0/lib/tinyusb/src/tusb.c.o
                0x10007828                tu_edpt_stream_write_xfer
 .text.tu_edpt_stream_read_xfer
                0x1000788c       0xdc CMakeFiles/gestao-habitos.dir/home/naves-pc/.pico-sdk/sdk/2.1.0/lib/tinyusb/src/tusb.c.o
                0x1000788c                tu_edpt_stream_read_xfer
 .text.tu_fifo_config
                0x10007968       0x6c CMakeFiles/gestao-habitos.dir/home/naves-pc/.pico-sdk/sdk/2.1.0/lib/tinyusb/src/common/tusb_fifo.c.o
                0x10007968                tu_fifo_config
 .text.tu_fifo_count
                0x100079d4       0x2c CMakeFiles/gestao-habitos.dir/home/naves-pc/.pico-sdk/sdk/2.1.0/lib/tinyusb/src/common/tusb_fifo.c.o
                0x100079d4                tu_fifo_count
 .text.tu_fifo_empty
                0x10007a00       0x10 CMakeFiles/gestao-habitos.dir/home/naves-pc/.pico-sdk/sdk/2.1.0/lib/tinyusb/src/common/tusb_fifo.c.o
                0x10007a00                tu_fifo_empty
 .text.tu_fifo_remaining
                0x10007a10       0x2c CMakeFiles/gestao-habitos.dir/home/naves-pc/.pico-sdk/sdk/2.1.0/lib/tinyusb/src/common/tusb_fifo.c.o
                0x10007a10                tu_fifo_remaining
 .text.tu_fifo_read
                0x10007a3c       0x9c CMakeFiles/gestao-habitos.dir/home/naves-pc/.pico-sdk/sdk/2.1.0/lib/tinyusb/src/common/tusb_fifo.c.o
                0x10007a3c                tu_fifo_read
 .text.tu_fifo_read_n
                0x10007ad8       0xe8 CMakeFiles/gestao-habitos.dir/home/naves-pc/.pico-sdk/sdk/2.1.0/lib/tinyusb/src/common/tusb_fifo.c.o
                0x10007ad8                tu_fifo_read_n
 .text.tu_fifo_write
                0x10007bc0       0xa8 CMakeFiles/gestao-habitos.dir/home/naves-pc/.pico-sdk/sdk/2.1.0/lib/tinyusb/src/common/tusb_fifo.c.o
                0x10007bc0                tu_fifo_write
 .text.tu_fifo_write_n
                0x10007c68      0x178 CMakeFiles/gestao-habitos.dir/home/naves-pc/.pico-sdk/sdk/2.1.0/lib/tinyusb/src/common/tusb_fifo.c.o
                0x10007c68                tu_fifo_write_n
 .text.tu_fifo_clear
                0x10007de0       0x40 CMakeFiles/gestao-habitos.dir/home/naves-pc/.pico-sdk/sdk/2.1.0/lib/tinyusb/src/common/tusb_fifo.c.o
                0x10007de0                tu_fifo_clear
 .text.tu_fifo_set_overwritable
                0x10007e20       0x48 CMakeFiles/gestao-habitos.dir/home/naves-pc/.pico-sdk/sdk/2.1.0/lib/tinyusb/src/common/tusb_fifo.c.o
                0x10007e20                tu_fifo_set_overwritable
 .text.i2c_write_blocking_internal.constprop.0
                0x10007e68       0xd0 CMakeFiles/gestao-habitos.dir/home/naves-pc/.pico-sdk/sdk/2.1.0/src/rp2_common/hardware_i2c/i2c.c.o
 .text.i2c_set_baudrate
                0x10007f38       0xc0 CMakeFiles/gestao-habitos.dir/home/naves-pc/.pico-sdk/sdk/2.1.0/src/rp2_common/hardware_i2c/i2c.c.o
                0x10007f38                i2c_set_baudrate
 .text.i2c_init
                0x10007ff8       0x50 CMakeFiles/gestao-habitos.dir/home/naves-pc/.pico-sdk/sdk/2.1.0/src/rp2_common/hardware_i2c/i2c.c.o
                0x10007ff8                i2c_init
 .text.i2c_write_blocking
                0x10008048       0x14 CMakeFiles/gestao-habitos.dir/home/naves-pc/.pico-sdk/sdk/2.1.0/src/rp2_common/hardware_i2c/i2c.c.o
                0x10008048                i2c_write_blocking
 .text.adc_init
                0x1000805c       0x38 CMakeFiles/gestao-habitos.dir/home/naves-pc/.pico-sdk/sdk/2.1.0/src/rp2_common/hardware_adc/adc.c.o
                0x1000805c                adc_init
 .text.pio_claim_unused_sm
                0x10008094       0x38 CMakeFiles/gestao-habitos.dir/home/naves-pc/.pico-sdk/sdk/2.1.0/src/rp2_common/hardware_pio/pio.c.o
                0x10008094                pio_claim_unused_sm
 .text.pio_add_program
                0x100080cc      0x104 CMakeFiles/gestao-habitos.dir/home/naves-pc/.pico-sdk/sdk/2.1.0/src/rp2_common/hardware_pio/pio.c.o
                0x100080cc                pio_add_program
 .text.pio_sm_set_pindirs_with_mask64
                0x100081d0       0xac CMakeFiles/gestao-habitos.dir/home/naves-pc/.pico-sdk/sdk/2.1.0/src/rp2_common/hardware_pio/pio.c.o
                0x100081d0                pio_sm_set_pindirs_with_mask64
 .text.pio_sm_set_consecutive_pindirs
                0x1000827c       0xb4 CMakeFiles/gestao-habitos.dir/home/naves-pc/.pico-sdk/sdk/2.1.0/src/rp2_common/hardware_pio/pio.c.o
                0x1000827c                pio_sm_set_consecutive_pindirs
 .text.pio_sm_init
                0x10008330       0x9c CMakeFiles/gestao-habitos.dir/home/naves-pc/.pico-sdk/sdk/2.1.0/src/rp2_common/hardware_pio/pio.c.o
                0x10008330                pio_sm_init
 .text.pio_claim_free_sm_and_add_program_for_gpio_range
                0x100083cc      0x18c CMakeFiles/gestao-habitos.dir/home/naves-pc/.pico-sdk/sdk/2.1.0/src/rp2_common/hardware_pio/pio.c.o
                0x100083cc                pio_claim_free_sm_and_add_program_for_gpio_range
 .text.pio_remove_program_and_unclaim_sm
                0x10008558       0x40 CMakeFiles/gestao-habitos.dir/home/naves-pc/.pico-sdk/sdk/2.1.0/src/rp2_common/hardware_pio/pio.c.o
                0x10008558                pio_remove_program_and_unclaim_sm
 .text.lwip_timeout_reached
                0x10008598        0x8 CMakeFiles/gestao-habitos.dir/home/naves-pc/.pico-sdk/sdk/2.1.0/src/rp2_common/pico_lwip/lwip_nosys.c.o
 .text.update_next_timeout
                0x100085a0       0x60 CMakeFiles/gestao-habitos.dir/home/naves-pc/.pico-sdk/sdk/2.1.0/src/rp2_common/pico_lwip/lwip_nosys.c.o
 .text.lwip_nosys_init
                0x10008600       0x30 CMakeFiles/gestao-habitos.dir/home/naves-pc/.pico-sdk/sdk/2.1.0/src/rp2_common/pico_lwip/lwip_nosys.c.o
                0x10008600                lwip_nosys_init
 .text.lwip_nosys_deinit
                0x10008630       0x20 CMakeFiles/gestao-habitos.dir/home/naves-pc/.pico-sdk/sdk/2.1.0/src/rp2_common/pico_lwip/lwip_nosys.c.o
                0x10008630                lwip_nosys_deinit
 .text.sys_arch_protect
                0x10008650        0x4 CMakeFiles/gestao-habitos.dir/home/naves-pc/.pico-sdk/sdk/2.1.0/src/rp2_common/pico_lwip/lwip_nosys.c.o
                0x10008650                sys_arch_protect
 .text.sys_arch_unprotect
                0x10008654        0x4 CMakeFiles/gestao-habitos.dir/home/naves-pc/.pico-sdk/sdk/2.1.0/src/rp2_common/pico_lwip/lwip_nosys.c.o
                0x10008654                sys_arch_unprotect
 .text.sys_now  0x10008658       0x20 CMakeFiles/gestao-habitos.dir/home/naves-pc/.pico-sdk/sdk/2.1.0/src/rp2_common/pico_lwip/lwip_nosys.c.o
                0x10008658                sys_now
 .text.async_context_base_add_at_time_worker
                0x10008678       0x24 CMakeFiles/gestao-habitos.dir/home/naves-pc/.pico-sdk/sdk/2.1.0/src/rp2_common/pico_async_context/async_context_base.c.o
                0x10008678                async_context_base_add_at_time_worker
 .text.async_context_base_remove_at_time_worker
                0x1000869c       0x28 CMakeFiles/gestao-habitos.dir/home/naves-pc/.pico-sdk/sdk/2.1.0/src/rp2_common/pico_async_context/async_context_base.c.o
                0x1000869c                async_context_base_remove_at_time_worker
 .text.async_context_base_add_when_pending_worker
                0x100086c4       0x24 CMakeFiles/gestao-habitos.dir/home/naves-pc/.pico-sdk/sdk/2.1.0/src/rp2_common/pico_async_context/async_context_base.c.o
                0x100086c4                async_context_base_add_when_pending_worker
 .text.async_context_base_remove_when_pending_worker
                0x100086e8       0x28 CMakeFiles/gestao-habitos.dir/home/naves-pc/.pico-sdk/sdk/2.1.0/src/rp2_common/pico_async_context/async_context_base.c.o
                0x100086e8                async_context_base_remove_when_pending_worker
 .text.async_context_base_execute_once
                0x10008710      0x108 CMakeFiles/gestao-habitos.dir/home/naves-pc/.pico-sdk/sdk/2.1.0/src/rp2_common/pico_async_context/async_context_base.c.o
                0x10008710                async_context_base_execute_once
 .text.splitmix64
                0x10008818       0x58 CMakeFiles/gestao-habitos.dir/home/naves-pc/.pico-sdk/sdk/2.1.0/src/rp2_common/pico_rand/rand.c.o
 .text.xoroshiro128ss
                0x10008870       0x90 CMakeFiles/gestao-habitos.dir/home/naves-pc/.pico-sdk/sdk/2.1.0/src/rp2_common/pico_rand/rand.c.o
 .text.get_rand_64
                0x10008900      0x4a4 CMakeFiles/gestao-habitos.dir/home/naves-pc/.pico-sdk/sdk/2.1.0/src/rp2_common/pico_rand/rand.c.o
                0x10008900                get_rand_64
 .text.get_rand_32
                0x10008da4        0x8 CMakeFiles/gestao-habitos.dir/home/naves-pc/.pico-sdk/sdk/2.1.0/src/rp2_common/pico_rand/rand.c.o
                0x10008da4                get_rand_32
 .text.lwip_init
                0x10008dac       0x24 CMakeFiles/gestao-habitos.dir/home/naves-pc/.pico-sdk/sdk/2.1.0/lib/lwip/src/core/init.c.o
                0x10008dac                lwip_init
 .text.lwip_htons
                0x10008dd0        0x8 CMakeFiles/gestao-habitos.dir/home/naves-pc/.pico-sdk/sdk/2.1.0/lib/lwip/src/core/def.c.o
                0x10008dd0                lwip_htons
 .text.lwip_htonl
                0x10008dd8        0x4 CMakeFiles/gestao-habitos.dir/home/naves-pc/.pico-sdk/sdk/2.1.0/lib/lwip/src/core/def.c.o
                0x10008dd8                lwip_htonl
 .text.dns_call_found
                0x10008ddc      0x184 CMakeFiles/gestao-habitos.dir/home/naves-pc/.pico-sdk/sdk/2.1.0/lib/lwip/src/core/dns.c.o
 .text.dns_send.isra.0
                0x10008f60      0x174 CMakeFiles/gestao-habitos.dir/home/naves-pc/.pico-sdk/sdk/2.1.0/lib/lwip/src/core/dns.c.o
 .text.dns_init
                0x100090d4        0x4 CMakeFiles/gestao-habitos.dir/home/naves-pc/.pico-sdk/sdk/2.1.0/lib/lwip/src/core/dns.c.o
                0x100090d4                dns_init
 .text.dns_setserver
                0x100090d8       0x24 CMakeFiles/gestao-habitos.dir/home/naves-pc/.pico-sdk/sdk/2.1.0/lib/lwip/src/core/dns.c.o
                0x100090d8                dns_setserver
 .text.dns_tmr  0x100090fc      0x140 CMakeFiles/gestao-habitos.dir/home/naves-pc/.pico-sdk/sdk/2.1.0/lib/lwip/src/core/dns.c.o
                0x100090fc                dns_tmr
 .text.lwip_standard_chksum
                0x1000923c       0xdc CMakeFiles/gestao-habitos.dir/home/naves-pc/.pico-sdk/sdk/2.1.0/lib/lwip/src/core/inet_chksum.c.o
                0x1000923c                lwip_standard_chksum
 .text.inet_chksum_pseudo
                0x10009318       0xbc CMakeFiles/gestao-habitos.dir/home/naves-pc/.pico-sdk/sdk/2.1.0/lib/lwip/src/core/inet_chksum.c.o
                0x10009318                inet_chksum_pseudo
 .text.ip_chksum_pseudo
                0x100093d4       0x10 CMakeFiles/gestao-habitos.dir/home/naves-pc/.pico-sdk/sdk/2.1.0/lib/lwip/src/core/inet_chksum.c.o
                0x100093d4                ip_chksum_pseudo
 .text.inet_chksum
                0x100093e4        0xc CMakeFiles/gestao-habitos.dir/home/naves-pc/.pico-sdk/sdk/2.1.0/lib/lwip/src/core/inet_chksum.c.o
                0x100093e4                inet_chksum
 .text.inet_chksum_pbuf
                0x100093f0       0x78 CMakeFiles/gestao-habitos.dir/home/naves-pc/.pico-sdk/sdk/2.1.0/lib/lwip/src/core/inet_chksum.c.o
                0x100093f0                inet_chksum_pbuf
 .text.mem_init
                0x10009468       0x3c CMakeFiles/gestao-habitos.dir/home/naves-pc/.pico-sdk/sdk/2.1.0/lib/lwip/src/core/mem.c.o
                0x10009468                mem_init
 .text.mem_free
                0x100094a4      0x130 CMakeFiles/gestao-habitos.dir/home/naves-pc/.pico-sdk/sdk/2.1.0/lib/lwip/src/core/mem.c.o
                0x100094a4                mem_free
 .text.mem_trim
                0x100095d4      0x104 CMakeFiles/gestao-habitos.dir/home/naves-pc/.pico-sdk/sdk/2.1.0/lib/lwip/src/core/mem.c.o
                0x100095d4                mem_trim
 .text.mem_malloc
                0x100096d8      0x124 CMakeFiles/gestao-habitos.dir/home/naves-pc/.pico-sdk/sdk/2.1.0/lib/lwip/src/core/mem.c.o
                0x100096d8                mem_malloc
 .text.memp_init
                0x100097fc       0x6c CMakeFiles/gestao-habitos.dir/home/naves-pc/.pico-sdk/sdk/2.1.0/lib/lwip/src/core/memp.c.o
                0x100097fc                memp_init
 .text.memp_malloc
                0x10009868       0x40 CMakeFiles/gestao-habitos.dir/home/naves-pc/.pico-sdk/sdk/2.1.0/lib/lwip/src/core/memp.c.o
                0x10009868                memp_malloc
 .text.memp_free
                0x100098a8       0x38 CMakeFiles/gestao-habitos.dir/home/naves-pc/.pico-sdk/sdk/2.1.0/lib/lwip/src/core/memp.c.o
                0x100098a8                memp_free
 .text.netif_null_output_ip4
                0x100098e0        0x8 CMakeFiles/gestao-habitos.dir/home/naves-pc/.pico-sdk/sdk/2.1.0/lib/lwip/src/core/netif.c.o
 .text.netif_do_set_ipaddr.isra.0
                0x100098e8       0x60 CMakeFiles/gestao-habitos.dir/home/naves-pc/.pico-sdk/sdk/2.1.0/lib/lwip/src/core/netif.c.o
 .text.netif_init
                0x10009948        0x4 CMakeFiles/gestao-habitos.dir/home/naves-pc/.pico-sdk/sdk/2.1.0/lib/lwip/src/core/netif.c.o
                0x10009948                netif_init
 .text.netif_add
                0x1000994c      0x16c CMakeFiles/gestao-habitos.dir/home/naves-pc/.pico-sdk/sdk/2.1.0/lib/lwip/src/core/netif.c.o
                0x1000994c                netif_add
 .text.netif_set_addr
                0x10009ab8       0xb4 CMakeFiles/gestao-habitos.dir/home/naves-pc/.pico-sdk/sdk/2.1.0/lib/lwip/src/core/netif.c.o
                0x10009ab8                netif_set_addr
 .text.netif_remove
                0x10009b6c       0x94 CMakeFiles/gestao-habitos.dir/home/naves-pc/.pico-sdk/sdk/2.1.0/lib/lwip/src/core/netif.c.o
                0x10009b6c                netif_remove
 .text.netif_set_default
                0x10009c00        0xc CMakeFiles/gestao-habitos.dir/home/naves-pc/.pico-sdk/sdk/2.1.0/lib/lwip/src/core/netif.c.o
                0x10009c00                netif_set_default
 .text.netif_set_up
                0x10009c0c       0x40 CMakeFiles/gestao-habitos.dir/home/naves-pc/.pico-sdk/sdk/2.1.0/lib/lwip/src/core/netif.c.o
                0x10009c0c                netif_set_up
 .text.netif_set_link_up
                0x10009c4c       0x44 CMakeFiles/gestao-habitos.dir/home/naves-pc/.pico-sdk/sdk/2.1.0/lib/lwip/src/core/netif.c.o
                0x10009c4c                netif_set_link_up
 .text.netif_set_link_down
                0x10009c90       0x20 CMakeFiles/gestao-habitos.dir/home/naves-pc/.pico-sdk/sdk/2.1.0/lib/lwip/src/core/netif.c.o
                0x10009c90                netif_set_link_down
 .text.netif_get_by_index
                0x10009cb0       0x2c CMakeFiles/gestao-habitos.dir/home/naves-pc/.pico-sdk/sdk/2.1.0/lib/lwip/src/core/netif.c.o
                0x10009cb0                netif_get_by_index
 .text.pbuf_free.part.0
                0x10009cdc       0x7c CMakeFiles/gestao-habitos.dir/home/naves-pc/.pico-sdk/sdk/2.1.0/lib/lwip/src/core/pbuf.c.o
 .text.pbuf_free_ooseq
                0x10009d58       0x34 CMakeFiles/gestao-habitos.dir/home/naves-pc/.pico-sdk/sdk/2.1.0/lib/lwip/src/core/pbuf.c.o
                0x10009d58                pbuf_free_ooseq
 .text.pbuf_alloc
                0x10009d8c      0x134 CMakeFiles/gestao-habitos.dir/home/naves-pc/.pico-sdk/sdk/2.1.0/lib/lwip/src/core/pbuf.c.o
                0x10009d8c                pbuf_alloc
 .text.pbuf_realloc
                0x10009ec0       0x84 CMakeFiles/gestao-habitos.dir/home/naves-pc/.pico-sdk/sdk/2.1.0/lib/lwip/src/core/pbuf.c.o
                0x10009ec0                pbuf_realloc
 .text.pbuf_add_header
                0x10009f44       0x50 CMakeFiles/gestao-habitos.dir/home/naves-pc/.pico-sdk/sdk/2.1.0/lib/lwip/src/core/pbuf.c.o
                0x10009f44                pbuf_add_header
 .text.pbuf_remove_header
                0x10009f94       0x3c CMakeFiles/gestao-habitos.dir/home/naves-pc/.pico-sdk/sdk/2.1.0/lib/lwip/src/core/pbuf.c.o
                0x10009f94                pbuf_remove_header
 .text.pbuf_header_force
                0x10009fd0       0x68 CMakeFiles/gestao-habitos.dir/home/naves-pc/.pico-sdk/sdk/2.1.0/lib/lwip/src/core/pbuf.c.o
                0x10009fd0                pbuf_header_force
 .text.pbuf_free
                0x1000a038       0x18 CMakeFiles/gestao-habitos.dir/home/naves-pc/.pico-sdk/sdk/2.1.0/lib/lwip/src/core/pbuf.c.o
                0x1000a038                pbuf_free
 .text.pbuf_clen
                0x1000a050       0x14 CMakeFiles/gestao-habitos.dir/home/naves-pc/.pico-sdk/sdk/2.1.0/lib/lwip/src/core/pbuf.c.o
                0x1000a050                pbuf_clen
 .text.pbuf_ref
                0x1000a064       0x28 CMakeFiles/gestao-habitos.dir/home/naves-pc/.pico-sdk/sdk/2.1.0/lib/lwip/src/core/pbuf.c.o
                0x1000a064                pbuf_ref
 .text.pbuf_cat
                0x1000a08c       0x44 CMakeFiles/gestao-habitos.dir/home/naves-pc/.pico-sdk/sdk/2.1.0/lib/lwip/src/core/pbuf.c.o
                0x1000a08c                pbuf_cat
 .text.pbuf_chain
                0x1000a0d0       0x64 CMakeFiles/gestao-habitos.dir/home/naves-pc/.pico-sdk/sdk/2.1.0/lib/lwip/src/core/pbuf.c.o
                0x1000a0d0                pbuf_chain
 .text.pbuf_copy_partial_pbuf
                0x1000a134      0x148 CMakeFiles/gestao-habitos.dir/home/naves-pc/.pico-sdk/sdk/2.1.0/lib/lwip/src/core/pbuf.c.o
                0x1000a134                pbuf_copy_partial_pbuf
 .text.pbuf_copy
                0x1000a27c       0x18 CMakeFiles/gestao-habitos.dir/home/naves-pc/.pico-sdk/sdk/2.1.0/lib/lwip/src/core/pbuf.c.o
                0x1000a27c                pbuf_copy
 .text.pbuf_copy_partial
                0x1000a294       0x68 CMakeFiles/gestao-habitos.dir/home/naves-pc/.pico-sdk/sdk/2.1.0/lib/lwip/src/core/pbuf.c.o
                0x1000a294                pbuf_copy_partial
 .text.pbuf_take
                0x1000a2fc       0x78 CMakeFiles/gestao-habitos.dir/home/naves-pc/.pico-sdk/sdk/2.1.0/lib/lwip/src/core/pbuf.c.o
                0x1000a2fc                pbuf_take
 .text.pbuf_take_at
                0x1000a374       0xcc CMakeFiles/gestao-habitos.dir/home/naves-pc/.pico-sdk/sdk/2.1.0/lib/lwip/src/core/pbuf.c.o
                0x1000a374                pbuf_take_at
 .text.pbuf_clone
                0x1000a440       0x30 CMakeFiles/gestao-habitos.dir/home/naves-pc/.pico-sdk/sdk/2.1.0/lib/lwip/src/core/pbuf.c.o
                0x1000a440                pbuf_clone
 .text.pbuf_put_at
                0x1000a470       0x1c CMakeFiles/gestao-habitos.dir/home/naves-pc/.pico-sdk/sdk/2.1.0/lib/lwip/src/core/pbuf.c.o
                0x1000a470                pbuf_put_at
 .text.raw_input
                0x1000a48c      0x164 CMakeFiles/gestao-habitos.dir/home/naves-pc/.pico-sdk/sdk/2.1.0/lib/lwip/src/core/raw.c.o
                0x1000a48c                raw_input
 .text.raw_netif_ip_addr_changed
                0x1000a5f0       0x40 CMakeFiles/gestao-habitos.dir/home/naves-pc/.pico-sdk/sdk/2.1.0/lib/lwip/src/core/raw.c.o
                0x1000a5f0                raw_netif_ip_addr_changed
 .text.stats_init
                0x1000a630        0x4 CMakeFiles/gestao-habitos.dir/home/naves-pc/.pico-sdk/sdk/2.1.0/lib/lwip/src/core/stats.c.o
                0x1000a630                stats_init
 .text.tcp_close_shutdown_fin
                0x1000a634       0x54 CMakeFiles/gestao-habitos.dir/home/naves-pc/.pico-sdk/sdk/2.1.0/lib/lwip/src/core/tcp.c.o
 .text.tcp_pcb_purge.part.0
                0x1000a688       0xc4 CMakeFiles/gestao-habitos.dir/home/naves-pc/.pico-sdk/sdk/2.1.0/lib/lwip/src/core/tcp.c.o
 .text.tcp_init
                0x1000a74c       0x20 CMakeFiles/gestao-habitos.dir/home/naves-pc/.pico-sdk/sdk/2.1.0/lib/lwip/src/core/tcp.c.o
                0x1000a74c                tcp_init
 .text.tcp_free
                0x1000a76c       0x1c CMakeFiles/gestao-habitos.dir/home/naves-pc/.pico-sdk/sdk/2.1.0/lib/lwip/src/core/tcp.c.o
                0x1000a76c                tcp_free
 .text.tcp_update_rcv_ann_wnd
                0x1000a788       0x58 CMakeFiles/gestao-habitos.dir/home/naves-pc/.pico-sdk/sdk/2.1.0/lib/lwip/src/core/tcp.c.o
                0x1000a788                tcp_update_rcv_ann_wnd
 .text.tcp_recved
                0x1000a7e0       0x98 CMakeFiles/gestao-habitos.dir/home/naves-pc/.pico-sdk/sdk/2.1.0/lib/lwip/src/core/tcp.c.o
                0x1000a7e0                tcp_recved
 .text.tcp_connect
                0x1000a878      0x1bc CMakeFiles/gestao-habitos.dir/home/naves-pc/.pico-sdk/sdk/2.1.0/lib/lwip/src/core/tcp.c.o
                0x1000a878                tcp_connect
 .text.tcp_slowtmr
                0x1000aa34      0x524 CMakeFiles/gestao-habitos.dir/home/naves-pc/.pico-sdk/sdk/2.1.0/lib/lwip/src/core/tcp.c.o
                0x1000aa34                tcp_slowtmr
 .text.tcp_segs_free
                0x1000af58       0x38 CMakeFiles/gestao-habitos.dir/home/naves-pc/.pico-sdk/sdk/2.1.0/lib/lwip/src/core/tcp.c.o
                0x1000af58                tcp_segs_free
 .text.tcp_seg_free
                0x1000af90       0x1c CMakeFiles/gestao-habitos.dir/home/naves-pc/.pico-sdk/sdk/2.1.0/lib/lwip/src/core/tcp.c.o
                0x1000af90                tcp_seg_free
 .text.tcp_seg_copy
                0x1000afac       0x2c CMakeFiles/gestao-habitos.dir/home/naves-pc/.pico-sdk/sdk/2.1.0/lib/lwip/src/core/tcp.c.o
                0x1000afac                tcp_seg_copy
 .text.tcp_recv
                0x1000afd8       0x1c CMakeFiles/gestao-habitos.dir/home/naves-pc/.pico-sdk/sdk/2.1.0/lib/lwip/src/core/tcp.c.o
                0x1000afd8                tcp_recv
 .text.tcp_pcb_purge
                0x1000aff4       0x18 CMakeFiles/gestao-habitos.dir/home/naves-pc/.pico-sdk/sdk/2.1.0/lib/lwip/src/core/tcp.c.o
                0x1000aff4                tcp_pcb_purge
 .text.tcp_pcb_remove
                0x1000b00c       0xc8 CMakeFiles/gestao-habitos.dir/home/naves-pc/.pico-sdk/sdk/2.1.0/lib/lwip/src/core/tcp.c.o
                0x1000b00c                tcp_pcb_remove
 .text.tcp_abandon
                0x1000b0d4      0x1a0 CMakeFiles/gestao-habitos.dir/home/naves-pc/.pico-sdk/sdk/2.1.0/lib/lwip/src/core/tcp.c.o
                0x1000b0d4                tcp_abandon
 .text.tcp_abort
                0x1000b274        0xc CMakeFiles/gestao-habitos.dir/home/naves-pc/.pico-sdk/sdk/2.1.0/lib/lwip/src/core/tcp.c.o
                0x1000b274                tcp_abort
 .text.tcp_alloc
                0x1000b280      0x1d4 CMakeFiles/gestao-habitos.dir/home/naves-pc/.pico-sdk/sdk/2.1.0/lib/lwip/src/core/tcp.c.o
                0x1000b280                tcp_alloc
 .text.tcp_new  0x1000b454        0xc CMakeFiles/gestao-habitos.dir/home/naves-pc/.pico-sdk/sdk/2.1.0/lib/lwip/src/core/tcp.c.o
                0x1000b454                tcp_new
 .text.tcp_close_shutdown
                0x1000b460      0x188 CMakeFiles/gestao-habitos.dir/home/naves-pc/.pico-sdk/sdk/2.1.0/lib/lwip/src/core/tcp.c.o
 .text.tcp_recv_null
                0x1000b5e8       0xcc CMakeFiles/gestao-habitos.dir/home/naves-pc/.pico-sdk/sdk/2.1.0/lib/lwip/src/core/tcp.c.o
                0x1000b5e8                tcp_recv_null
 .text.tcp_process_refused_data
                0x1000b6b4       0x78 CMakeFiles/gestao-habitos.dir/home/naves-pc/.pico-sdk/sdk/2.1.0/lib/lwip/src/core/tcp.c.o
                0x1000b6b4                tcp_process_refused_data
 .text.tcp_fasttmr
                0x1000b72c       0x98 CMakeFiles/gestao-habitos.dir/home/naves-pc/.pico-sdk/sdk/2.1.0/lib/lwip/src/core/tcp.c.o
                0x1000b72c                tcp_fasttmr
 .text.tcp_tmr  0x1000b7c4       0x20 CMakeFiles/gestao-habitos.dir/home/naves-pc/.pico-sdk/sdk/2.1.0/lib/lwip/src/core/tcp.c.o
                0x1000b7c4                tcp_tmr
 .text.tcp_close
                0x1000b7e4      0x170 CMakeFiles/gestao-habitos.dir/home/naves-pc/.pico-sdk/sdk/2.1.0/lib/lwip/src/core/tcp.c.o
                0x1000b7e4                tcp_close
 .text.tcp_next_iss
                0x1000b954       0x28 CMakeFiles/gestao-habitos.dir/home/naves-pc/.pico-sdk/sdk/2.1.0/lib/lwip/src/core/tcp.c.o
                0x1000b954                tcp_next_iss
 .text.tcp_eff_send_mss_netif
                0x1000b97c       0x34 CMakeFiles/gestao-habitos.dir/home/naves-pc/.pico-sdk/sdk/2.1.0/lib/lwip/src/core/tcp.c.o
                0x1000b97c                tcp_eff_send_mss_netif
 .text.tcp_netif_ip_addr_changed
                0x1000b9b0       0x94 CMakeFiles/gestao-habitos.dir/home/naves-pc/.pico-sdk/sdk/2.1.0/lib/lwip/src/core/tcp.c.o
                0x1000b9b0                tcp_netif_ip_addr_changed
 .text.tcp_free_ooseq
                0x1000ba44       0x40 CMakeFiles/gestao-habitos.dir/home/naves-pc/.pico-sdk/sdk/2.1.0/lib/lwip/src/core/tcp.c.o
                0x1000ba44                tcp_free_ooseq
 .text.tcp_parseopt
                0x1000ba84      0x1bc CMakeFiles/gestao-habitos.dir/home/naves-pc/.pico-sdk/sdk/2.1.0/lib/lwip/src/core/tcp_in.c.o
 .text.tcp_oos_insert_segment
                0x1000bc40       0xdc CMakeFiles/gestao-habitos.dir/home/naves-pc/.pico-sdk/sdk/2.1.0/lib/lwip/src/core/tcp_in.c.o
 .text.tcp_free_acked_segments.isra.0
                0x1000bd1c       0xdc CMakeFiles/gestao-habitos.dir/home/naves-pc/.pico-sdk/sdk/2.1.0/lib/lwip/src/core/tcp_in.c.o
 .text.tcp_receive
                0x1000bdf8      0xa00 CMakeFiles/gestao-habitos.dir/home/naves-pc/.pico-sdk/sdk/2.1.0/lib/lwip/src/core/tcp_in.c.o
 .text.tcp_input
                0x1000c7f8      0xe54 CMakeFiles/gestao-habitos.dir/home/naves-pc/.pico-sdk/sdk/2.1.0/lib/lwip/src/core/tcp_in.c.o
                0x1000c7f8                tcp_input
 .text.tcp_trigger_input_pcb_close
                0x1000d64c       0x10 CMakeFiles/gestao-habitos.dir/home/naves-pc/.pico-sdk/sdk/2.1.0/lib/lwip/src/core/tcp_in.c.o
                0x1000d64c                tcp_trigger_input_pcb_close
 .text.tcp_create_segment
                0x1000d65c       0xf8 CMakeFiles/gestao-habitos.dir/home/naves-pc/.pico-sdk/sdk/2.1.0/lib/lwip/src/core/tcp_out.c.o
 .text.tcp_output_control_segment
                0x1000d754       0xc0 CMakeFiles/gestao-habitos.dir/home/naves-pc/.pico-sdk/sdk/2.1.0/lib/lwip/src/core/tcp_out.c.o
 .text.tcp_output_alloc_header.constprop.0
                0x1000d814       0xc8 CMakeFiles/gestao-habitos.dir/home/naves-pc/.pico-sdk/sdk/2.1.0/lib/lwip/src/core/tcp_out.c.o
 .text.tcp_write
                0x1000d8dc      0x468 CMakeFiles/gestao-habitos.dir/home/naves-pc/.pico-sdk/sdk/2.1.0/lib/lwip/src/core/tcp_out.c.o
                0x1000d8dc                tcp_write
 .text.tcp_split_unsent_seg
                0x1000dd44      0x1b4 CMakeFiles/gestao-habitos.dir/home/naves-pc/.pico-sdk/sdk/2.1.0/lib/lwip/src/core/tcp_out.c.o
                0x1000dd44                tcp_split_unsent_seg
 .text.tcp_send_fin
                0x1000def8      0x118 CMakeFiles/gestao-habitos.dir/home/naves-pc/.pico-sdk/sdk/2.1.0/lib/lwip/src/core/tcp_out.c.o
                0x1000def8                tcp_send_fin
 .text.tcp_enqueue_flags
                0x1000e010      0x108 CMakeFiles/gestao-habitos.dir/home/naves-pc/.pico-sdk/sdk/2.1.0/lib/lwip/src/core/tcp_out.c.o
                0x1000e010                tcp_enqueue_flags
 .text.tcp_rexmit_rto_prepare
                0x1000e118       0x9c CMakeFiles/gestao-habitos.dir/home/naves-pc/.pico-sdk/sdk/2.1.0/lib/lwip/src/core/tcp_out.c.o
                0x1000e118                tcp_rexmit_rto_prepare
 .text.tcp_rexmit
                0x1000e1b4       0x9c CMakeFiles/gestao-habitos.dir/home/naves-pc/.pico-sdk/sdk/2.1.0/lib/lwip/src/core/tcp_out.c.o
                0x1000e1b4                tcp_rexmit
 .text.tcp_rexmit_fast
                0x1000e250       0x64 CMakeFiles/gestao-habitos.dir/home/naves-pc/.pico-sdk/sdk/2.1.0/lib/lwip/src/core/tcp_out.c.o
                0x1000e250                tcp_rexmit_fast
 .text.tcp_rst  0x1000e2b4       0xe8 CMakeFiles/gestao-habitos.dir/home/naves-pc/.pico-sdk/sdk/2.1.0/lib/lwip/src/core/tcp_out.c.o
                0x1000e2b4                tcp_rst
 .text.tcp_rst_netif
                0x1000e39c      0x130 CMakeFiles/gestao-habitos.dir/home/naves-pc/.pico-sdk/sdk/2.1.0/lib/lwip/src/core/tcp_out.c.o
                0x1000e39c                tcp_rst_netif
 .text.tcp_send_empty_ack
                0x1000e4cc       0x4c CMakeFiles/gestao-habitos.dir/home/naves-pc/.pico-sdk/sdk/2.1.0/lib/lwip/src/core/tcp_out.c.o
                0x1000e4cc                tcp_send_empty_ack
 .text.tcp_output
                0x1000e518      0x454 CMakeFiles/gestao-habitos.dir/home/naves-pc/.pico-sdk/sdk/2.1.0/lib/lwip/src/core/tcp_out.c.o
                0x1000e518                tcp_output
 .text.tcp_rexmit_rto_commit
                0x1000e96c       0x24 CMakeFiles/gestao-habitos.dir/home/naves-pc/.pico-sdk/sdk/2.1.0/lib/lwip/src/core/tcp_out.c.o
                0x1000e96c                tcp_rexmit_rto_commit
 .text.tcp_rexmit_rto
                0x1000e990       0xa4 CMakeFiles/gestao-habitos.dir/home/naves-pc/.pico-sdk/sdk/2.1.0/lib/lwip/src/core/tcp_out.c.o
                0x1000e990                tcp_rexmit_rto
 .text.tcp_keepalive
                0x1000ea34       0xdc CMakeFiles/gestao-habitos.dir/home/naves-pc/.pico-sdk/sdk/2.1.0/lib/lwip/src/core/tcp_out.c.o
                0x1000ea34                tcp_keepalive
 .text.tcp_zero_window_probe
                0x1000eb10      0x110 CMakeFiles/gestao-habitos.dir/home/naves-pc/.pico-sdk/sdk/2.1.0/lib/lwip/src/core/tcp_out.c.o
                0x1000eb10                tcp_zero_window_probe
 .text.tcpip_tcp_timer
                0x1000ec20       0x78 CMakeFiles/gestao-habitos.dir/home/naves-pc/.pico-sdk/sdk/2.1.0/lib/lwip/src/core/timeouts.c.o
 .text.lwip_cyclic_timer
                0x1000ec98       0x98 CMakeFiles/gestao-habitos.dir/home/naves-pc/.pico-sdk/sdk/2.1.0/lib/lwip/src/core/timeouts.c.o
 .text.tcp_timer_needed
                0x1000ed30       0x7c CMakeFiles/gestao-habitos.dir/home/naves-pc/.pico-sdk/sdk/2.1.0/lib/lwip/src/core/timeouts.c.o
                0x1000ed30                tcp_timer_needed
 .text.sys_timeouts_init
                0x1000edac       0x8c CMakeFiles/gestao-habitos.dir/home/naves-pc/.pico-sdk/sdk/2.1.0/lib/lwip/src/core/timeouts.c.o
                0x1000edac                sys_timeouts_init
 .text.sys_check_timeouts
                0x1000ee38       0x68 CMakeFiles/gestao-habitos.dir/home/naves-pc/.pico-sdk/sdk/2.1.0/lib/lwip/src/core/timeouts.c.o
                0x1000ee38                sys_check_timeouts
 .text.sys_timeouts_sleeptime
                0x1000eea0       0x28 CMakeFiles/gestao-habitos.dir/home/naves-pc/.pico-sdk/sdk/2.1.0/lib/lwip/src/core/timeouts.c.o
                0x1000eea0                sys_timeouts_sleeptime
 .text.udp_init
                0x1000eec8       0x20 CMakeFiles/gestao-habitos.dir/home/naves-pc/.pico-sdk/sdk/2.1.0/lib/lwip/src/core/udp.c.o
                0x1000eec8                udp_init
 .text.udp_input
                0x1000eee8      0x320 CMakeFiles/gestao-habitos.dir/home/naves-pc/.pico-sdk/sdk/2.1.0/lib/lwip/src/core/udp.c.o
                0x1000eee8                udp_input
 .text.udp_bind
                0x1000f208      0x118 CMakeFiles/gestao-habitos.dir/home/naves-pc/.pico-sdk/sdk/2.1.0/lib/lwip/src/core/udp.c.o
                0x1000f208                udp_bind
 .text.udp_sendto_if_src
                0x1000f320      0x130 CMakeFiles/gestao-habitos.dir/home/naves-pc/.pico-sdk/sdk/2.1.0/lib/lwip/src/core/udp.c.o
                0x1000f320                udp_sendto_if_src
 .text.udp_sendto_if
                0x1000f450       0x48 CMakeFiles/gestao-habitos.dir/home/naves-pc/.pico-sdk/sdk/2.1.0/lib/lwip/src/core/udp.c.o
                0x1000f450                udp_sendto_if
 .text.udp_sendto
                0x1000f498       0x78 CMakeFiles/gestao-habitos.dir/home/naves-pc/.pico-sdk/sdk/2.1.0/lib/lwip/src/core/udp.c.o
                0x1000f498                udp_sendto
 .text.udp_connect
                0x1000f510       0x60 CMakeFiles/gestao-habitos.dir/home/naves-pc/.pico-sdk/sdk/2.1.0/lib/lwip/src/core/udp.c.o
                0x1000f510                udp_connect
 .text.udp_recv
                0x1000f570        0xc CMakeFiles/gestao-habitos.dir/home/naves-pc/.pico-sdk/sdk/2.1.0/lib/lwip/src/core/udp.c.o
                0x1000f570                udp_recv
 .text.udp_remove
                0x1000f57c       0x3c CMakeFiles/gestao-habitos.dir/home/naves-pc/.pico-sdk/sdk/2.1.0/lib/lwip/src/core/udp.c.o
                0x1000f57c                udp_remove
 .text.udp_new  0x1000f5b8       0x1c CMakeFiles/gestao-habitos.dir/home/naves-pc/.pico-sdk/sdk/2.1.0/lib/lwip/src/core/udp.c.o
                0x1000f5b8                udp_new
 .text.udp_netif_ip_addr_changed
                0x1000f5d4       0x40 CMakeFiles/gestao-habitos.dir/home/naves-pc/.pico-sdk/sdk/2.1.0/lib/lwip/src/core/udp.c.o
                0x1000f5d4                udp_netif_ip_addr_changed
 .text.dhcp_create_msg
                0x1000f614      0x164 CMakeFiles/gestao-habitos.dir/home/naves-pc/.pico-sdk/sdk/2.1.0/lib/lwip/src/core/ipv4/dhcp.c.o
 .text.dhcp_inc_pcb_refcount
                0x1000f778       0x6c CMakeFiles/gestao-habitos.dir/home/naves-pc/.pico-sdk/sdk/2.1.0/lib/lwip/src/core/ipv4/dhcp.c.o
 .text.dhcp_bind
                0x1000f7e4      0x138 CMakeFiles/gestao-habitos.dir/home/naves-pc/.pico-sdk/sdk/2.1.0/lib/lwip/src/core/ipv4/dhcp.c.o
 .text.dhcp_option_hostname.isra.0
                0x1000f91c       0x84 CMakeFiles/gestao-habitos.dir/home/naves-pc/.pico-sdk/sdk/2.1.0/lib/lwip/src/core/ipv4/dhcp.c.o
 .text.dhcp_handle_ack.isra.0
                0x1000f9a0       0xcc CMakeFiles/gestao-habitos.dir/home/naves-pc/.pico-sdk/sdk/2.1.0/lib/lwip/src/core/ipv4/dhcp.c.o
 .text.dhcp_reboot.isra.0
                0x1000fa6c      0x178 CMakeFiles/gestao-habitos.dir/home/naves-pc/.pico-sdk/sdk/2.1.0/lib/lwip/src/core/ipv4/dhcp.c.o
 .text.dhcp_discover
                0x1000fbe4      0x140 CMakeFiles/gestao-habitos.dir/home/naves-pc/.pico-sdk/sdk/2.1.0/lib/lwip/src/core/ipv4/dhcp.c.o
 .text.dhcp_select.isra.0
                0x1000fd24      0x1e0 CMakeFiles/gestao-habitos.dir/home/naves-pc/.pico-sdk/sdk/2.1.0/lib/lwip/src/core/ipv4/dhcp.c.o
 .text.dhcp_recv
                0x1000ff04      0x47c CMakeFiles/gestao-habitos.dir/home/naves-pc/.pico-sdk/sdk/2.1.0/lib/lwip/src/core/ipv4/dhcp.c.o
 .text.dhcp_set_struct
                0x10010380       0x44 CMakeFiles/gestao-habitos.dir/home/naves-pc/.pico-sdk/sdk/2.1.0/lib/lwip/src/core/ipv4/dhcp.c.o
                0x10010380                dhcp_set_struct
 .text.dhcp_network_changed_link_up
                0x100103c4       0x40 CMakeFiles/gestao-habitos.dir/home/naves-pc/.pico-sdk/sdk/2.1.0/lib/lwip/src/core/ipv4/dhcp.c.o
                0x100103c4                dhcp_network_changed_link_up
 .text.dhcp_renew
                0x10010404      0x138 CMakeFiles/gestao-habitos.dir/home/naves-pc/.pico-sdk/sdk/2.1.0/lib/lwip/src/core/ipv4/dhcp.c.o
                0x10010404                dhcp_renew
 .text.dhcp_release_and_stop
                0x1001053c      0x158 CMakeFiles/gestao-habitos.dir/home/naves-pc/.pico-sdk/sdk/2.1.0/lib/lwip/src/core/ipv4/dhcp.c.o
                0x1001053c                dhcp_release_and_stop
 .text.dhcp_start
                0x10010694       0xb0 CMakeFiles/gestao-habitos.dir/home/naves-pc/.pico-sdk/sdk/2.1.0/lib/lwip/src/core/ipv4/dhcp.c.o
                0x10010694                dhcp_start
 .text.dhcp_coarse_tmr
                0x10010744      0x1d8 CMakeFiles/gestao-habitos.dir/home/naves-pc/.pico-sdk/sdk/2.1.0/lib/lwip/src/core/ipv4/dhcp.c.o
                0x10010744                dhcp_coarse_tmr
 .text.dhcp_fine_tmr
                0x1001091c       0x78 CMakeFiles/gestao-habitos.dir/home/naves-pc/.pico-sdk/sdk/2.1.0/lib/lwip/src/core/ipv4/dhcp.c.o
                0x1001091c                dhcp_fine_tmr
 .text.dhcp_stop
                0x10010994      0x158 CMakeFiles/gestao-habitos.dir/home/naves-pc/.pico-sdk/sdk/2.1.0/lib/lwip/src/core/ipv4/dhcp.c.o
                0x10010994                dhcp_stop
 .text.etharp_find_entry
                0x10010aec      0x3c0 CMakeFiles/gestao-habitos.dir/home/naves-pc/.pico-sdk/sdk/2.1.0/lib/lwip/src/core/ipv4/etharp.c.o
 .text.etharp_raw